<html>
<body>
<pre>
<h1>礦ision Build Log</h1>
<h2>Tool Versions:</h2>
IDE-Version: μVision V5.24.2.0
Copyright (C) 2017 ARM Ltd and ARM Germany GmbH. All rights reserved.
License Information: KEVEL 阿浩, HP Inc., LIC=RC93N-YCZQY-CXAU6-D3ESX-7YGSE-ZGVHM
 
Tool Versions:
Toolchain:       MDK-ARM Plus  Version: 5.24.1
Toolchain Path:  E:\KEIL_V5\ARM\ARMCC\Bin
C Compiler:      Armcc.exe V5.06 update 5 (build 528)
Assembler:       Armasm.exe V5.06 update 5 (build 528)
Linker/Locator:  ArmLink.exe V5.06 update 5 (build 528)
Library Manager: ArmAr.exe V5.06 update 5 (build 528)
Hex Converter:   FromElf.exe V5.06 update 5 (build 528)
CPU DLL:         SARMCM3.DLL V5.24.1
Dialog DLL:      DCM.DLL V1.16.0.0
Target DLL:      STLink\ST-LINKIII-KEIL_SWO.dll V3.0.1.0
Dialog DLL:      TCM.DLL V1.32.0.0
 
<h2>Project:</h2>
G:\BJTU\Graduate_project\Mec_Car\Own_code\Lower_Controrller_p_in_net_10_29\MDK-ARM\Lower_Controrller.uvprojx
Project File Date:  10/21/2025

<h2>Output:</h2>
*** Using Compiler 'V5.06 update 5 (build 528)', folder: 'E:\KEIL_V5\ARM\ARMCC\Bin'
Build target 'Lower_Controrller'
compiling formation_control.c...
Balance\formation_control.h(50): warning:  #1-D: last line of file ends without a newline
  #endif
Balance\formation_control.c(22): warning:  #47-D: incompatible redefinition of macro "ZERO_VELOCITY_COUNT_THRESHOLD"  (declared at line 20 of "Balance\formation_control.h")
  #define ZERO_VELOCITY_COUNT_THRESHOLD 4  // 连续零速度计数阈值
Balance\formation_control.c(23): warning:  #47-D: incompatible redefinition of macro "MOVING_AVERAGE_SIZE"  (declared at line 21 of "Balance\formation_control.h")
  #define MOVING_AVERAGE_SIZE 1             // 移动平均窗口大小
Balance\formation_control.c(38): warning:  #177-D: variable "speed_following_mode"  was declared but never referenced
  static uint8_t speed_following_mode = 0;  // 速度跟随模式标志
Balance\formation_control.c: 4 warnings, 0 errors
compiling esp8266_driver.c...
./Balance/formation_control.h(50): warning:  #1-D: last line of file ends without a newline
  #endif
HARDWARE\esp8266_driver.c(21): warning:  #550-D: variable "last_successful_communication"  was set but never used
  static uint32_t last_successful_communication = 0;
HARDWARE\esp8266_driver.c: 2 warnings, 0 errors
linking...
Program Size: Code=63084 RO-data=9648 RW-data=688 ZI-data=26352  
FromELF: creating hex file...
"Lower_Controrller_Time_config\Lower_Controrller_Time_config.axf" - 0 Error(s), 6 Warning(s).

<h2>Software Packages used:</h2>

Package Vendor: ARM
                http://www.keil.com/pack/ARM.CMSIS.5.0.1.pack
                ARM.CMSIS.5.0.1
                CMSIS (Cortex Microcontroller Software Interface Standard)
   * Component: CORE Version: 5.0.1

Package Vendor: Keil
                https://www.keil.com/pack/Keil.STM32F4xx_DFP.2.17.1.pack
                Keil.STM32F4xx_DFP.2.17.1
                STMicroelectronics STM32F4 Series Device Support, Drivers and Examples

<h2>Collection of Component include folders:</h2>
  .\RTE\_Lower_Controrller
  E:\KEIL_V5\ARM\PACK\ARM\CMSIS\5.0.1\CMSIS\Include
  E:\KEIL_V5\ARM\PACK\Keil\STM32F4xx_DFP\2.17.1\Drivers\CMSIS\Device\ST\STM32F4xx\Include

<h2>Collection of Component Files used:</h2>

   * Component: ARM::CMSIS:CORE:5.0.1
Build Time Elapsed:  00:00:04
</pre>
</body>
</html>
