Component: ARM Compiler 5.06 update 5 (build 528) Tool: armlink [4d35e2]

==============================================================================

Section Cross References

    startup_stm32f407xx.o(RESET) refers to startup_stm32f407xx.o(STACK) for __initial_sp
    startup_stm32f407xx.o(RESET) refers to startup_stm32f407xx.o(.text) for Reset_Handler
    startup_stm32f407xx.o(RESET) refers to stm32f4xx_it.o(i.NMI_Handler) for NMI_Handler
    startup_stm32f407xx.o(RESET) refers to stm32f4xx_it.o(i.HardFault_Handler) for HardFault_Handler
    startup_stm32f407xx.o(RESET) refers to stm32f4xx_it.o(i.MemManage_Handler) for MemManage_Handler
    startup_stm32f407xx.o(RESET) refers to stm32f4xx_it.o(i.BusFault_Handler) for BusFault_Handler
    startup_stm32f407xx.o(RESET) refers to stm32f4xx_it.o(i.UsageFault_Handler) for UsageFault_Handler
    startup_stm32f407xx.o(RESET) refers to port.o(.emb_text) for SVC_Handler
    startup_stm32f407xx.o(RESET) refers to stm32f4xx_it.o(i.DebugMon_Handler) for DebugMon_Handler
    startup_stm32f407xx.o(RESET) refers to stm32f4xx_it.o(i.SysTick_Handler) for SysTick_Handler
    startup_stm32f407xx.o(RESET) refers to stm32f4xx_it.o(i.ADC_IRQHandler) for ADC_IRQHandler
    startup_stm32f407xx.o(RESET) refers to stm32f4xx_it.o(i.USART1_IRQHandler) for USART1_IRQHandler
    startup_stm32f407xx.o(RESET) refers to stm32f4xx_it.o(i.USART2_IRQHandler) for USART2_IRQHandler
    startup_stm32f407xx.o(RESET) refers to stm32f4xx_it.o(i.UART4_IRQHandler) for UART4_IRQHandler
    startup_stm32f407xx.o(RESET) refers to stm32f4xx_it.o(i.UART5_IRQHandler) for UART5_IRQHandler
    startup_stm32f407xx.o(RESET) refers to stm32f4xx_it.o(i.TIM7_IRQHandler) for TIM7_IRQHandler
    startup_stm32f407xx.o(RESET) refers to stm32f4xx_it.o(i.USART6_IRQHandler) for USART6_IRQHandler
    startup_stm32f407xx.o(.text) refers to system_stm32f4xx.o(i.SystemInit) for SystemInit
    startup_stm32f407xx.o(.text) refers to entry.o(.ARM.Collect$$$$00000000) for __main
    main.o(i.HAL_TIM_PeriodElapsedCallback) refers to stm32f4xx_hal.o(i.HAL_IncTick) for HAL_IncTick
    main.o(i.SystemClock_Config) refers to memseta.o(.text) for __aeabi_memclr4
    main.o(i.SystemClock_Config) refers to stm32f4xx_hal_rcc.o(i.HAL_RCC_OscConfig) for HAL_RCC_OscConfig
    main.o(i.SystemClock_Config) refers to stm32f4xx_hal_rcc.o(i.HAL_RCC_ClockConfig) for HAL_RCC_ClockConfig
    main.o(i.fputc) refers to stm32f4xx_hal_uart.o(i.HAL_UART_Transmit) for HAL_UART_Transmit
    main.o(i.fputc) refers to usart.o(.bss) for huart2
    main.o(i.main) refers to stm32f4xx_hal.o(i.HAL_Init) for HAL_Init
    main.o(i.main) refers to main.o(i.SystemClock_Config) for SystemClock_Config
    main.o(i.main) refers to delay.o(i.delay_init) for delay_init
    main.o(i.main) refers to gpio.o(i.MX_GPIO_Init) for MX_GPIO_Init
    main.o(i.main) refers to adc.o(i.MX_ADC1_Init) for MX_ADC1_Init
    main.o(i.main) refers to usart.o(i.MX_USART2_UART_Init) for MX_USART2_UART_Init
    main.o(i.main) refers to usart.o(i.MX_USART1_UART_Init) for MX_USART1_UART_Init
    main.o(i.main) refers to tim.o(i.MX_TIM1_Init) for MX_TIM1_Init
    main.o(i.main) refers to tim.o(i.MX_TIM2_Init) for MX_TIM2_Init
    main.o(i.main) refers to tim.o(i.MX_TIM3_Init) for MX_TIM3_Init
    main.o(i.main) refers to tim.o(i.MX_TIM4_Init) for MX_TIM4_Init
    main.o(i.main) refers to tim.o(i.MX_TIM5_Init) for MX_TIM5_Init
    main.o(i.main) refers to tim.o(i.MX_TIM9_Init) for MX_TIM9_Init
    main.o(i.main) refers to tim.o(i.MX_TIM10_Init) for MX_TIM10_Init
    main.o(i.main) refers to tim.o(i.MX_TIM11_Init) for MX_TIM11_Init
    main.o(i.main) refers to usart.o(i.MX_UART5_Init) for MX_UART5_Init
    main.o(i.main) refers to usart.o(i.MX_USART6_UART_Init) for MX_USART6_UART_Init
    main.o(i.main) refers to usart.o(i.MX_UART4_Init) for MX_UART4_Init
    main.o(i.main) refers to i2c.o(i.I2C_GPIOInit) for I2C_GPIOInit
    main.o(i.main) refers to oled.o(i.OLED_Init) for OLED_Init
    main.o(i.main) refers to mpu6050.o(i.MPU6050_initialize) for MPU6050_initialize
    main.o(i.main) refers to mpu6050.o(i.DMP_Init) for DMP_Init
    main.o(i.main) refers to robot_select_init.o(i.Robot_Select) for Robot_Select
    main.o(i.main) refers to tasks.o(i.xTaskCreate) for xTaskCreate
    main.o(i.main) refers to tasks.o(i.vTaskStartScheduler) for vTaskStartScheduler
    main.o(i.main) refers to system.o(.data) for Car_Mode
    main.o(i.main) refers to main.o(.data) for .data
    main.o(i.main) refers to main.o(i.start_task) for start_task
    main.o(i.start_task) refers to port.o(i.vPortEnterCritical) for vPortEnterCritical
    main.o(i.start_task) refers to tasks.o(i.xTaskCreate) for xTaskCreate
    main.o(i.start_task) refers to tasks.o(i.vTaskDelete) for vTaskDelete
    main.o(i.start_task) refers to port.o(i.vPortExitCritical) for vPortExitCritical
    main.o(i.start_task) refers to balance.o(i.Balance_task) for Balance_task
[...]
    __read_errno                             0x0800ae51   Thumb Code     6  errno.o(i.__read_errno)
    __scatterload_copy                       0x0800ae5d   Thumb Code    14  handlers.o(i.__scatterload_copy)
    __scatterload_null                       0x0800ae6b   Thumb Code     2  handlers.o(i.__scatterload_null)
    __scatterload_zeroinit                   0x0800ae6d   Thumb Code    14  handlers.o(i.__scatterload_zeroinit)
    __set_errno                              0x0800ae7d   Thumb Code     6  errno.o(i.__set_errno)
    _is_digit                                0x0800b00d   Thumb Code    14  scanf_fp.o(i._is_digit)
    atan                                     0x0800b7fd   Thumb Code    16  atan.o(i.atan)
    click                                    0x0800b80d   Thumb Code    50  key.o(i.click)
    debug_print                              0x0800b849   Thumb Code     4  esp8266_driver.o(i.debug_print)
    delay_init                               0x0800b84d   Thumb Code    60  delay.o(i.delay_init)
    delay_ms                                 0x0800b895   Thumb Code    52  delay.o(i.delay_ms)
    delay_us                                 0x0800b8cd   Thumb Code    48  delay.o(i.delay_us)
    display_page1                            0x0800b901   Thumb Code   952  show.o(i.display_page1)
    display_page2                            0x0800bd0d   Thumb Code   262  show.o(i.display_page2)
    display_page3                            0x0800be5d   Thumb Code   652  show.o(i.display_page3)
    display_page4                            0x0800c135   Thumb Code   378  show.o(i.display_page4)
    dmp_enable_6x_lp_quat                    0x0800c329   Thumb Code    58  inv_mpu_dmp_motion_driver.o(i.dmp_enable_6x_lp_quat)
    dmp_enable_feature                       0x0800c365   Thumb Code   464  inv_mpu_dmp_motion_driver.o(i.dmp_enable_feature)
    dmp_enable_gyro_cal                      0x0800c53d   Thumb Code    34  inv_mpu_dmp_motion_driver.o(i.dmp_enable_gyro_cal)
    dmp_enable_lp_quat                       0x0800c579   Thumb Code    58  inv_mpu_dmp_motion_driver.o(i.dmp_enable_lp_quat)
    dmp_load_motion_driver_firmware          0x0800c5b5   Thumb Code    16  inv_mpu_dmp_motion_driver.o(i.dmp_load_motion_driver_firmware)
    dmp_read_fifo                            0x0800c5c9   Thumb Code   324  inv_mpu_dmp_motion_driver.o(i.dmp_read_fifo)
    dmp_set_accel_bias                       0x0800c711   Thumb Code   210  inv_mpu_dmp_motion_driver.o(i.dmp_set_accel_bias)
    dmp_set_fifo_rate                        0x0800c7e9   Thumb Code    82  inv_mpu_dmp_motion_driver.o(i.dmp_set_fifo_rate)
    dmp_set_gyro_bias                        0x0800c84d   Thumb Code   196  inv_mpu_dmp_motion_driver.o(i.dmp_set_gyro_bias)
    dmp_set_orientation                      0x0800c919   Thumb Code   246  inv_mpu_dmp_motion_driver.o(i.dmp_set_orientation)
    dmp_set_shake_reject_thresh              0x0800ca25   Thumb Code    48  inv_mpu_dmp_motion_driver.o(i.dmp_set_shake_reject_thresh)
    dmp_set_shake_reject_time                0x0800ca55   Thumb Code    32  inv_mpu_dmp_motion_driver.o(i.dmp_set_shake_reject_time)
    dmp_set_shake_reject_timeout             0x0800ca75   Thumb Code    32  inv_mpu_dmp_motion_driver.o(i.dmp_set_shake_reject_timeout)
    dmp_set_tap_axes                         0x0800ca95   Thumb Code    64  inv_mpu_dmp_motion_driver.o(i.dmp_set_tap_axes)
    dmp_set_tap_count                        0x0800cad5   Thumb Code    34  inv_mpu_dmp_motion_driver.o(i.dmp_set_tap_count)
    dmp_set_tap_thresh                       0x0800caf9   Thumb Code   314  inv_mpu_dmp_motion_driver.o(i.dmp_set_tap_thresh)
    dmp_set_tap_time                         0x0800cc59   Thumb Code    32  inv_mpu_dmp_motion_driver.o(i.dmp_set_tap_time)
    dmp_set_tap_time_multi                   0x0800cc79   Thumb Code    32  inv_mpu_dmp_motion_driver.o(i.dmp_set_tap_time_multi)
    fabs                                     0x0800cc99   Thumb Code    24  fabs.o(i.fabs)
    float_abs                                0x0800ccb1   Thumb Code    16  balance.o(i.float_abs)
    fputc                                    0x0800ccc1   Thumb Code    18  main.o(i.fputc)
    getSysTickCnt                            0x0800ccd9   Thumb Code    24  delay.o(i.getSysTickCnt)
    i2cRead                                  0x0800d191   Thumb Code   112  i2c.o(i.i2cRead)
    i2cWrite                                 0x0800d201   Thumb Code    84  i2c.o(i.i2cWrite)
    main                                     0x0800d29d   Thumb Code   126  main.o(i.main)
    mpu_configure_fifo                       0x0800d335   Thumb Code    78  inv_mpu.o(i.mpu_configure_fifo)
    mpu_get_accel_fsr                        0x0800d389   Thumb Code    54  inv_mpu.o(i.mpu_get_accel_fsr)
    mpu_get_accel_sens                       0x0800d3c5   Thumb Code    62  inv_mpu.o(i.mpu_get_accel_sens)
    mpu_get_gyro_fsr                         0x0800d409   Thumb Code    48  inv_mpu.o(i.mpu_get_gyro_fsr)
    mpu_get_gyro_sens                        0x0800d43d   Thumb Code    54  inv_mpu.o(i.mpu_get_gyro_sens)
    mpu_get_lpf                              0x0800d489   Thumb Code    52  inv_mpu.o(i.mpu_get_lpf)
    mpu_get_sample_rate                      0x0800d4c1   Thumb Code    22  inv_mpu.o(i.mpu_get_sample_rate)
    mpu_init                                 0x0800d4dd   Thumb Code   288  inv_mpu.o(i.mpu_init)
    mpu_load_firmware                        0x0800d601   Thumb Code   154  inv_mpu.o(i.mpu_load_firmware)
    mpu_lp_accel_mode                        0x0800d6a1   Thumb Code   178  inv_mpu.o(i.mpu_lp_accel_mode)
    mpu_read_fifo_stream                     0x0800d759   Thumb Code   140  inv_mpu.o(i.mpu_read_fifo_stream)
    mpu_read_mem                             0x0800d7e9   Thumb Code    80  inv_mpu.o(i.mpu_read_mem)
    mpu_reset_fifo                           0x0800d83d   Thumb Code   330  inv_mpu.o(i.mpu_reset_fifo)
    mpu_run_self_test                        0x0800d98d   Thumb Code   234  inv_mpu.o(i.mpu_run_self_test)
    mpu_set_accel_fsr                        0x0800da7d   Thumb Code    98  inv_mpu.o(i.mpu_set_accel_fsr)
    mpu_set_bypass                           0x0800dae5   Thumb Code   214  inv_mpu.o(i.mpu_set_bypass)
    mpu_set_dmp_state                        0x0800dbc1   Thumb Code   114  inv_mpu.o(i.mpu_set_dmp_state)
    mpu_set_gyro_fsr                         0x0800dc39   Thumb Code   104  inv_mpu.o(i.mpu_set_gyro_fsr)
    mpu_set_int_latched                      0x0800dca5   Thumb Code    94  inv_mpu.o(i.mpu_set_int_latched)
    mpu_set_lpf                              0x0800dd09   Thumb Code   102  inv_mpu.o(i.mpu_set_lpf)
    mpu_set_sample_rate                      0x0800dd75   Thumb Code   124  inv_mpu.o(i.mpu_set_sample_rate)
    mpu_set_sensors                          0x0800ddf5   Thumb Code   178  inv_mpu.o(i.mpu_set_sensors)
    mpu_write_mem                            0x0800dead   Thumb Code    80  inv_mpu.o(i.mpu_write_mem)
    myabs                                    0x0800df01   Thumb Code     8  balance.o(i.myabs)
    myget_ms                                 0x0800df09   Thumb Code     2  inv_mpu.o(i.myget_ms)
    oled_pow                                 0x0800df0b   Thumb Code    16  oled.o(i.oled_pow)
    oled_show                                0x0800df1d   Thumb Code   134  show.o(i.oled_show)
    pvPortMalloc                             0x0800e815   Thumb Code   214  heap_4.o(i.pvPortMalloc)
    pvTaskIncrementMutexHeldCount            0x0800e925   Thumb Code    18  tasks.o(i.pvTaskIncrementMutexHeldCount)
    pxPortInitialiseStack                    0x0800e93d   Thumb Code    40  port.o(i.pxPortInitialiseStack)
    show_task                                0x0800ea45   Thumb Code   140  show.o(i.show_task)
    sqrt                                     0x0800eaed   Thumb Code   110  sqrt.o(i.sqrt)
    start_task                               0x0800eb5d   Thumb Code   110  main.o(i.start_task)
    target_limit_float                       0x0800ec29   Thumb Code    32  balance.o(i.target_limit_float)
    usart1_send                              0x0800ec49   Thumb Code    12  usartx.o(i.usart1_send)
    usart1_send_cstring                      0x0800ec59   Thumb Code    22  usartx.o(i.usart1_send_cstring)
    uxListRemove                             0x0800ec6f   Thumb Code    36  list.o(i.uxListRemove)
    vListInitialise                          0x0800ec93   Thumb Code    22  list.o(i.vListInitialise)
    vListInitialiseItem                      0x0800eca9   Thumb Code     6  list.o(i.vListInitialiseItem)
    vListInsert                              0x0800ecaf   Thumb Code    48  list.o(i.vListInsert)
    vListInsertEnd                           0x0800ecdf   Thumb Code    24  list.o(i.vListInsertEnd)
    vPortEnterCritical                       0x0800ecf9   Thumb Code    50  port.o(i.vPortEnterCritical)
    vPortExitCritical                        0x0800ed6d   Thumb Code    34  port.o(i.vPortExitCritical)
    vPortFree                                0x0800edcd   Thumb Code    94  heap_4.o(i.vPortFree)
    vPortSetupTimerInterrupt                 0x0800ee65   Thumb Code    26  port.o(i.vPortSetupTimerInterrupt)
    vPortValidateInterruptPriority           0x0800ee85   Thumb Code    70  port.o(i.vPortValidateInterruptPriority)
    vQueueAddToRegistry                      0x0800ef0d   Thumb Code    34  queue.o(i.vQueueAddToRegistry)
    vQueueWaitForMessageRestricted           0x0800ef35   Thumb Code    68  queue.o(i.vQueueWaitForMessageRestricted)
    vTaskDelay                               0x0800ef79   Thumb Code    62  tasks.o(i.vTaskDelay)
    vTaskDelayUntil                          0x0800efe5   Thumb Code   120  tasks.o(i.vTaskDelayUntil)
    vTaskDelete                              0x0800f089   Thumb Code   152  tasks.o(i.vTaskDelete)
    vTaskMissedYield                         0x0800f155   Thumb Code     8  tasks.o(i.vTaskMissedYield)
    vTaskPlaceOnEventList                    0x0800f161   Thumb Code    44  tasks.o(i.vTaskPlaceOnEventList)
    vTaskPlaceOnEventListRestricted          0x0800f1b5   Thumb Code    52  tasks.o(i.vTaskPlaceOnEventListRestricted)
    vTaskPriorityInherit                     0x0800f211   Thumb Code   124  tasks.o(i.vTaskPriorityInherit)
    vTaskSetTimeOutState                     0x0800f295   Thumb Code    30  tasks.o(i.vTaskSetTimeOutState)
    vTaskStartScheduler                      0x0800f2dd   Thumb Code    96  tasks.o(i.vTaskStartScheduler)
    vTaskSuspendAll                          0x0800f371   Thumb Code    10  tasks.o(i.vTaskSuspendAll)
    vTaskSwitchContext                       0x0800f381   Thumb Code    80  tasks.o(i.vTaskSwitchContext)
    xPortStartScheduler                      0x0800f3fd   Thumb Code   190  port.o(i.xPortStartScheduler)
    xPortSysTickHandler                      0x0800f509   Thumb Code    38  port.o(i.xPortSysTickHandler)
    xQueueGenericCreate                      0x0800f535   Thumb Code    82  queue.o(i.xQueueGenericCreate)
    xQueueGenericReceive                     0x0800f5ad   Thumb Code   348  queue.o(i.xQueueGenericReceive)
    xQueueGenericReset                       0x0800f731   Thumb Code   128  queue.o(i.xQueueGenericReset)
    xQueueGenericSend                        0x0800f7d9   Thumb Code   344  queue.o(i.xQueueGenericSend)
    xQueueGenericSendFromISR                 0x0800f959   Thumb Code   190  queue.o(i.xQueueGenericSendFromISR)
    xTaskCheckForTimeOut                     0x0800fa3d   Thumb Code    94  tasks.o(i.xTaskCheckForTimeOut)
    xTaskCreate                              0x0800fac5   Thumb Code    86  tasks.o(i.xTaskCreate)
    xTaskGetSchedulerState                   0x0800fb1d   Thumb Code    22  tasks.o(i.xTaskGetSchedulerState)
    xTaskGetTickCount                        0x0800fb39   Thumb Code     6  tasks.o(i.xTaskGetTickCount)
    xTaskIncrementTick                       0x0800fb45   Thumb Code   188  tasks.o(i.xTaskIncrementTick)
    xTaskPriorityDisinherit                  0x0800fc2d   Thumb Code   136  tasks.o(i.xTaskPriorityDisinherit)
    xTaskRemoveFromEventList                 0x0800fce1   Thumb Code   102  tasks.o(i.xTaskRemoveFromEventList)
    xTaskResumeAll                           0x0800fd79   Thumb Code   182  tasks.o(i.xTaskResumeAll)
    xTimerCreate                             0x0800fe61   Thumb Code    74  timers.o(i.xTimerCreate)
    xTimerCreateTimerTask                    0x0800fed1   Thumb Code    58  timers.o(i.xTimerCreateTimerTask)
    xTimerGenericCommand                     0x0800ff41   Thumb Code    98  timers.o(i.xTimerGenericCommand)
    AHBPrescTable                            0x0800ffcc   Data          16  system_stm32f4xx.o(.constdata)
    APBPrescTable                            0x0800ffdc   Data           8  system_stm32f4xx.o(.constdata)
    oled_asc2_1206                           0x0800ffe4   Data        1140  oled.o(.constdata)
    oled_asc2_1608                           0x08010458   Data        1520  oled.o(.constdata)
    Hzk16                                    0x08010a48   Data        2624  oled.o(.constdata)
    hw                                       0x08011488   Data          12  inv_mpu.o(.constdata)
    reg                                      0x08011494   Data          27  inv_mpu.o(.constdata)
    test                                     0x080114b0   Data          40  inv_mpu.o(.constdata)
    __mathlib_zero                           0x08012270   Data           8  qnan.o(.constdata)
    __ctype_table                            0x08012298   Data         129  ctype_o.o(.constdata)
    Region$$Table$$Base                      0x080123d4   Number         0  anon$$obj.o(Region$$Table)
    Region$$Table$$Limit                     0x080123f4   Number         0  anon$$obj.o(Region$$Table)
    Target_Yaw                               0x20000000   Data           4  main.o(.data)
    StartTask_Handler                        0x20000004   Data           4  main.o(.data)
    Voltage                                  0x20000008   Data           4  adc.o(.data)
    Voltage_All                              0x2000000c   Data           4  adc.o(.data)
    __stdout                                 0x20000010   Data           4  usart.o(.data)
    uwTickFreq                               0x20000014   Data           1  stm32f4xx_hal.o(.data)
    uwTickPrio                               0x20000018   Data           4  stm32f4xx_hal.o(.data)
    uwTick                                   0x2000001c   Data           4  stm32f4xx_hal.o(.data)
    SystemCoreClock                          0x20000020   Data           4  system_stm32f4xx.o(.data)
    led_count                                0x20000024   Data           4  led.o(.data)
    Page_now                                 0x2000002c   Data           1  show.o(.data)
    current_speed                            0x2000002d   Data           1  show.o(.data)
    target_speed                             0x2000002e   Data           1  show.o(.data)
    i                                        0x20000032   Data           1  show.o(.data)
    self_id                                  0x20000033   Data           1  show.o(.data)
    Voltage_Show                             0x20000034   Data           4  show.o(.data)
    Flag_Stop                                0x20000038   Data           1  system.o(.data)
    Car_Mode                                 0x20000039   Data           1  system.o(.data)
    RC_Velocity                              0x2000003c   Data           4  system.o(.data)
    Velocity_KP                              0x20000040   Data           4  system.o(.data)
    Velocity_KI                              0x20000044   Data           4  system.o(.data)
    APP_ON_Flag                              0x20000048   Data           1  system.o(.data)
    Flag_Direction                           0x20000049   Data           1  system.o(.data)
    Move_X                                   0x2000004c   Data           4  system.o(.data)
    Move_Y                                   0x20000050   Data           4  system.o(.data)
    Move_Z                                   0x20000054   Data           4  system.o(.data)
    Encoder_precision                        0x20000058   Data           4  system.o(.data)
    Wheel_perimeter                          0x2000005c   Data           4  system.o(.data)
    Wheel_spacing                            0x20000060   Data           4  system.o(.data)
    Axle_spacing                             0x20000064   Data           4  system.o(.data)
    Omni_turn_radiaus                        0x20000068   Data           4  system.o(.data)
    Flag_Left                                0x2000006c   Data           1  system.o(.data)
    Flag_Right                               0x2000006d   Data           1  system.o(.data)
    Turn_Flag                                0x2000006e   Data           1  system.o(.data)
    PID_Send                                 0x2000006f   Data           1  system.o(.data)
    gyro_bias_captured                       0x20000090   Data           1  mpu6050.o(.data)
    angle_calibrated                         0x20000091   Data           1  mpu6050.o(.data)
    sensors                                  0x20000092   Data           2  mpu6050.o(.data)
    Initial_Yaw                              0x20000094   Data           4  mpu6050.o(.data)
    q0                                       0x20000098   Data           4  mpu6050.o(.data)
    q1                                       0x2000009c   Data           4  mpu6050.o(.data)
    q2                                       0x200000a0   Data           4  mpu6050.o(.data)
    q3                                       0x200000a4   Data           4  mpu6050.o(.data)
    Roll                                     0x200000a8   Data           4  mpu6050.o(.data)
    Pitch                                    0x200000ac   Data           4  mpu6050.o(.data)
    Yaw                                      0x200000b0   Data           4  mpu6050.o(.data)
    Deviation_Count                          0x200000b4   Data           4  mpu6050.o(.data)
    Initial_Gyro_Bias                        0x200000b8   Data           6  mpu6050.o(.data)
    gyro                                     0x200000be   Data           6  mpu6050.o(.data)
    accel                                    0x200000c4   Data           6  mpu6050.o(.data)
    newCoordinateReceived                    0x20000100   Data           1  usartx.o(.data)
    Usart2_Receive_buf                       0x20000107   Data           1  usartx.o(.data)
    esp8266_receive_byte                     0x20000108   Data           1  usartx.o(.data)
    rx_index                                 0x2000010a   Data           2  usartx.o(.data)
    esp8266_rx_index                         0x2000010c   Data           2  usartx.o(.data)
    rx4_index                                0x20000114   Data           2  usartx.o(.data)
    Auto_mode                                0x20000118   Data           1  balance.o(.data)
    position_reached                         0x20000119   Data           1  balance.o(.data)
    Time_count                               0x2000011c   Data           4  balance.o(.data)
    Pos_KP                                   0x20000120   Data           4  balance.o(.data)
    max_linear_speed                         0x20000124   Data           4  balance.o(.data)
    position_tolerance                       0x20000128   Data           4  balance.o(.data)
    Current_Vx                               0x2000012c   Data           4  balance.o(.data)
    Current_Vy                               0x20000130   Data           4  balance.o(.data)
    Current_Vz                               0x20000134   Data           4  balance.o(.data)
    Yaw_KP                                   0x20000138   Data           4  balance.o(.data)
    Yaw_KI                                   0x2000013c   Data           4  balance.o(.data)
    Yaw_KD                                   0x20000140   Data           4  balance.o(.data)
    esp8266_udp_initialized                  0x20000198   Data           1  esp8266_driver.o(.data)
    esp8266_broadcast_initialized            0x20000199   Data           1  esp8266_driver.o(.data)
    topology_enabled                         0x2000019a   Data           1  esp8266_driver.o(.data)
    car_index                                0x2000019b   Data           1  esp8266_driver.o(.data)
    other_cars_count                         0x2000019d   Data           1  esp8266_driver.o(.data)
    CAR_ID                                   0x200001b0   Data          10  esp8266_driver.o(.data)
    communication_topology                   0x200001ba   Data          16  esp8266_driver.o(.data)
    known_mac_addresses                      0x200001cc   Data          16  esp8266_driver.o(.data)
    Formation_mode                           0x20000208   Data           1  formation_control.o(.data)
    Formation_offset_x                       0x2000020c   Data           4  formation_control.o(.data)
    Formation_offset_y                       0x20000210   Data           4  formation_control.o(.data)
    Formation_offset_yaw                     0x20000214   Data           4  formation_control.o(.data)
    Formation_KP                             0x20000218   Data           4  formation_control.o(.data)
    Formation_KD                             0x2000021c   Data           4  formation_control.o(.data)
    Formation_max_speed                      0x20000220   Data           4  formation_control.o(.data)
    Formation_tolerance                      0x20000224   Data           4  formation_control.o(.data)
    Formation_velocity_gain                  0x20000238   Data           4  formation_control.o(.data)
    pxCurrentTCB                             0x2000023c   Data           4  tasks.o(.data)
    position                                 0x200002b4   Data          12  main.o(.bss)
    Target_position                          0x200002c0   Data          12  main.o(.bss)
    hadc1                                    0x200002cc   Data          72  adc.o(.bss)
    htim1                                    0x20000314   Data          72  tim.o(.bss)
    htim2                                    0x2000035c   Data          72  tim.o(.bss)
    htim3                                    0x200003a4   Data          72  tim.o(.bss)
    htim4                                    0x200003ec   Data          72  tim.o(.bss)
    htim5                                    0x20000434   Data          72  tim.o(.bss)
    htim9                                    0x2000047c   Data          72  tim.o(.bss)
    htim10                                   0x200004c4   Data          72  tim.o(.bss)
    htim11                                   0x2000050c   Data          72  tim.o(.bss)
    huart4                                   0x20000554   Data          72  usart.o(.bss)
    huart5                                   0x2000059c   Data          72  usart.o(.bss)
    huart1                                   0x200005e4   Data          72  usart.o(.bss)
    huart2                                   0x2000062c   Data          72  usart.o(.bss)
    huart6                                   0x20000674   Data          72  usart.o(.bss)
    htim7                                    0x200006bc   Data          72  stm32f4xx_hal_timebase_tim.o(.bss)
    OLED_GRAM                                0x20000704   Data        1024  oled.o(.bss)
    smooth_control                           0x20000b04   Data          12  system.o(.bss)
    MOTOR_A                                  0x20000b10   Data          20  system.o(.bss)
    MOTOR_B                                  0x20000b24   Data          20  system.o(.bss)
    MOTOR_C                                  0x20000b38   Data          20  system.o(.bss)
    MOTOR_D                                  0x20000b4c   Data          20  system.o(.bss)
    uwb_data                                 0x20000bc4   Data          40  usartx.o(.bss)
    rx_buffer                                0x20000bec   Data         256  usartx.o(.bss)
    esp8266_rx_buffer                        0x20000cec   Data         512  usartx.o(.bss)
    rx4_buffer                               0x20000eec   Data         256  usartx.o(.bss)
    Robot_Parament                           0x20000fec   Data          24  robot_select_init.o(.bss)
    OriginalEncoder                          0x20001004   Data          16  balance.o(.bss)
    other_cars                               0x20001094   Data         440  esp8266_driver.o(.bss)
    Formation_leader                         0x2000124c   Data          10  formation_control.o(.bss)
    xQueueRegistry                           0x20001258   Data          64  queue.o(.bss)
    __initial_sp                             0x200069a8   Data           0  startup_stm32f407xx.o(STACK)



==============================================================================

Memory Map of the image

  Image Entry point : 0x08000189

  Load Region LR_IROM1 (Base: 0x08000000, Size: 0x000126a8, Max: 0x00080000, ABSOLUTE, COMPRESSED[0x00012470])

    Execution Region ER_IROM1 (Exec base: 0x08000000, Load base: 0x08000000, Size: 0x000123f4, Max: 0x00080000, ABSOLUTE)

    Exec Addr    Load Addr    Size         Type   Attr      Idx    E Section Name        Object

    0x08000000   0x08000000   0x00000188   Data   RO            3    RESET               startup_stm32f407xx.o
    0x08000188   0x08000188   0x00000000   Code   RO         6587  * .ARM.Collect$$$$00000000  mc_w.l(entry.o)
    0x08000188   0x08000188   0x00000004   Code   RO         6975    .ARM.Collect$$$$00000001  mc_w.l(entry2.o)
    0x0800018c   0x0800018c   0x00000004   Code   RO         6978    .ARM.Collect$$$$00000004  mc_w.l(entry5.o)
    0x08000190   0x08000190   0x00000000   Code   RO         6980    .ARM.Collect$$$$00000008  mc_w.l(entry7b.o)
    0x08000190   0x08000190   0x00000000   Code   RO         6982    .ARM.Collect$$$$0000000A  mc_w.l(entry8b.o)
    0x08000190   0x08000190   0x00000008   Code   RO         6983    .ARM.Collect$$$$0000000B  mc_w.l(entry9a.o)
    0x08000198   0x08000198   0x00000000   Code   RO         6985    .ARM.Collect$$$$0000000D  mc_w.l(entry10a.o)
    0x08000198   0x08000198   0x00000000   Code   RO         6987    .ARM.Collect$$$$0000000F  mc_w.l(entry11a.o)
    0x08000198   0x08000198   0x00000004   Code   RO         6976    .ARM.Collect$$$$00002712  mc_w.l(entry2.o)
    0x0800019c   0x0800019c   0x000000b6   Code   RO         6416    .emb_text           port.o
    0x08000252   0x08000252   0x00000002   PAD
    0x08000254   0x08000254   0x00000024   Code   RO            4    .text               startup_stm32f407xx.o
    0x08000278   0x08000278   0x00000062   Code   RO         6590    .text               mc_w.l(uldiv.o)
    0x080002da   0x080002da   0x00000062   Code   RO         6592    .text               mc_w.l(ldiv.o)
    0x0800033c   0x0800033c   0x00000040   Code   RO         6596    .text               mc_w.l(memmovea.o)
    0x0800037c   0x0800037c   0x00000024   Code   RO         6598    .text               mc_w.l(memseta.o)
    0x080003a0   0x080003a0   0x00000024   Code   RO         6600    .text               mc_w.l(strstr.o)
    0x080003c4   0x080003c4   0x00000018   Code   RO         6602    .text               mc_w.l(strncpy.o)
    0x080003dc   0x080003dc   0x00000014   Code   RO         6604    .text               mc_w.l(strchr.o)
    0x080003f0   0x080003f0   0x0000000e   Code   RO         6606    .text               mc_w.l(strlen.o)
    0x080003fe   0x080003fe   0x0000001c   Code   RO         6608    .text               mc_w.l(strcmp.o)
    0x0800041a   0x0800041a   0x0000001a   Code   RO         6610    .text               mc_w.l(memcmp.o)
    0x08000434   0x08000434   0x00000012   Code   RO         6612    .text               mc_w.l(strcpy.o)
    0x08000446   0x08000446   0x0000001e   Code   RO         6614    .text               mc_w.l(strncmp.o)
    0x08000464   0x08000464   0x00000038   Code   RO         6881    .text               mc_w.l(__0sscanf.o)
    0x0800049c   0x0800049c   0x0000014c   Code   RO         6883    .text               mc_w.l(_scanf_int.o)
    0x080005e8   0x080005e8   0x000000e0   Code   RO         6885    .text               mc_w.l(_scanf_str.o)
    0x080006c8   0x080006c8   0x00000360   Code   RO         6887    .text               mc_w.l(scanf_fp.o)
    0x08000a28   0x08000a28   0x0000001a   Code   RO         6891    .text               mc_w.l(atoi.o)
    0x08000a42   0x08000a42   0x0000014e   Code   RO         6893    .text               mf_w.l(dadd.o)
    0x08000b90   0x08000b90   0x000000e4   Code   RO         6895    .text               mf_w.l(dmul.o)
    0x08000c74   0x08000c74   0x00000022   Code   RO         6897    .text               mf_w.l(dflti.o)
    0x08000c96   0x08000c96   0x0000001a   Code   RO         6899    .text               mf_w.l(dfltui.o)
    0x08000cb0   0x08000cb0   0x00000026   Code   RO         6901    .text               mf_w.l(f2d.o)
    0x08000cd6   0x08000cd6   0x00000038   Code   RO         6903    .text               mf_w.l(d2f.o)
    0x08000d0e   0x08000d0e   0x0000002c   Code   RO         6989    .text               mc_w.l(uidiv.o)
    0x08000d3a   0x08000d3a   0x0000001e   Code   RO         6991    .text               mc_w.l(llshl.o)
    0x08000d58   0x08000d58   0x00000020   Code   RO         6993    .text               mc_w.l(llushr.o)
    0x08000d78   0x08000d78   0x00000024   Code   RO         6995    .text               mc_w.l(llsshr.o)
    0x08000d9c   0x08000d9c   0x0000001c   Code   RO         7004    .text               mc_w.l(_chval.o)
    0x08000db8   0x08000db8   0x00000028   Code   RO         7006    .text               mc_w.l(scanf_char.o)
    0x08000de0   0x08000de0   0x00000040   Code   RO         7008    .text               mc_w.l(_sgetc.o)
    0x08000e20   0x08000e20   0x0000009c   Code   RO         7010    .text               mc_w.l(strtod.o)
    0x08000ebc   0x08000ebc   0x00000070   Code   RO         7012    .text               mc_w.l(strtol.o)
    0x08000f2c   0x08000f2c   0x00000000   Code   RO         7014    .text               mc_w.l(iusefp.o)
    0x08000f2c   0x08000f2c   0x0000006e   Code   RO         7015    .text               mf_w.l(fepilogue.o)
    0x08000f9a   0x08000f9a   0x000000ba   Code   RO         7017    .text               mf_w.l(depilogue.o)
    0x08001054   0x08001054   0x000000de   Code   RO         7019    .text               mf_w.l(ddiv.o)
    0x08001132   0x08001132   0x0000002e   Code   RO         7023    .text               mf_w.l(dscalb.o)
    0x08001160   0x08001160   0x00000018   Code   RO         7025    .text               mf_w.l(dfltul.o)
    0x08001178   0x08001178   0x00000030   Code   RO         7027    .text               mf_w.l(dfixul.o)
    0x080011a8   0x080011a8   0x00000030   Code   RO         7029    .text               mf_w.l(cdrcmple.o)
    0x080011d8   0x080011d8   0x00000024   Code   RO         7031    .text               mc_w.l(init.o)
    0x080011fc   0x080011fc   0x00000008   Code   RO         7035    .text               mc_w.l(ctype_o.o)
    0x08001204   0x08001204   0x00000012   Code   RO         7057    .text               mc_w.l(isspace_o.o)
    0x08001216   0x08001216   0x00000002   PAD
    0x08001218   0x08001218   0x0000032c   Code   RO         7063    .text               mc_w.l(_scanf.o)
    0x08001544   0x08001544   0x0000009e   Code   RO         7065    .text               mc_w.l(_strtoul.o)
    0x080015e2   0x080015e2   0x000000a2   Code   RO         7067    .text               mf_w.l(dsqrt.o)
    0x08001684   0x08001684   0x00000056   Code   RO         7082    .text               mc_w.l(__dczerorl2.o)
    0x080016da   0x080016da   0x00000002   PAD
    0x080016dc   0x080016dc   0x0000000c   Code   RO          706    i.ADC_IRQHandler    stm32f4xx_it.o
    0x080016e8   0x080016e8   0x00000128   Code   RO          905    i.ADC_Init          stm32f4xx_hal_adc.o
    0x08001810   0x08001810   0x00000148   Code   RO         3853    i.APP_Show          show.o
    0x08001958   0x08001958   0x000002e8   Code   RO         5035    i.Auto_Adjust_Position_And_Yaw  balance.o
    0x08001c40   0x08001c40   0x000002d8   Code   RO         5037    i.Balance_task      balance.o
    0x08001f18   0x08001f18   0x00000002   Code   RO          707    i.BusFault_Handler  stm32f4xx_it.o
    0x08001f1a   0x08001f1a   0x00000002   PAD
    0x08001f1c   0x08001f1c   0x00000108   Code   RO         5038    i.Calculate_Car_Velocity  balance.o
    0x08002024   0x08002024   0x000000bc   Code   RO         5216    i.Cleanup_Old_Car_Info  esp8266_driver.o
    0x080020e0   0x080020e0   0x0000009c   Code   RO         4119    i.DMP_Init          mpu6050.o
    0x0800217c   0x0800217c   0x00000002   Code   RO          708    i.DebugMon_Handler  stm32f4xx_it.o
    0x0800217e   0x0800217e   0x00000002   PAD
    0x08002180   0x08002180   0x00000070   Code   RO         5463    i.Detect_Leader_Motion_State  formation_control.o
    0x080021f0   0x080021f0   0x000000d0   Code   RO         5039    i.Drive_Motor       balance.o
    0x080022c0   0x080022c0   0x000000d4   Code   RO         5217    i.ESP8266_AutoAssignCarID  esp8266_driver.o
    0x08002394   0x08002394   0x000000fc   Code   RO         5219    i.ESP8266_GetMACAddress  esp8266_driver.o
    0x08002490   0x08002490   0x00000184   Code   RO         5220    i.ESP8266_Init      esp8266_driver.o
    0x08002614   0x08002614   0x00000118   Code   RO         5221    i.ESP8266_InitBroadcast  esp8266_driver.o
    0x0800272c   0x0800272c   0x0000011c   Code   RO         5222    i.ESP8266_InitUDP   esp8266_driver.o
    0x08002848   0x08002848   0x000002ac   Code   RO         5224    i.ESP8266_Process   esp8266_driver.o
    0x08002af4   0x08002af4   0x000001d4   Code   RO         5225    i.ESP8266_SendATCommand_Enhanced  esp8266_driver.o
    0x08002cc8   0x08002cc8   0x000001e8   Code   RO         5226    i.ESP8266_SendStatus_UDP_Reliable  esp8266_driver.o
    0x08002eb0   0x08002eb0   0x00000004   Code   RO           13    i.Error_Handler     main.o
    0x08002eb4   0x08002eb4   0x00000054   Code   RO         5464    i.Formation_Control  formation_control.o
    0x08002f08   0x08002f08   0x0000047a   Code   RO         5465    i.Formation_Follower_Control  formation_control.o
    0x08003382   0x08003382   0x00000002   PAD
    0x08003384   0x08003384   0x00000040   Code   RO          434    i.Get_Adc           adc.o
    0x080033c4   0x080033c4   0x000000fc   Code   RO         5040    i.Get_RC            balance.o
    0x080034c0   0x080034c0   0x00000120   Code   RO         5041    i.Get_Velocity_Form_Encoder  balance.o
    0x080035e0   0x080035e0   0x00000078   Code   RO          436    i.Get_battery_volt  adc.o
    0x08003658   0x08003658   0x00000002   Code   RO         1076    i.HAL_ADCEx_InjectedConvCpltCallback  stm32f4xx_hal_adc_ex.o
    0x0800365a   0x0800365a   0x00000002   PAD
    0x0800365c   0x0800365c   0x0000014c   Code   RO          907    i.HAL_ADC_ConfigChannel  stm32f4xx_hal_adc.o
    0x080037a8   0x080037a8   0x00000002   Code   RO          908    i.HAL_ADC_ConvCpltCallback  stm32f4xx_hal_adc.o
    0x080037aa   0x080037aa   0x00000002   Code   RO          911    i.HAL_ADC_ErrorCallback  stm32f4xx_hal_adc.o
    0x080037ac   0x080037ac   0x00000004   Code   RO          913    i.HAL_ADC_GetState  stm32f4xx_hal_adc.o
    0x080037b0   0x080037b0   0x00000006   Code   RO          914    i.HAL_ADC_GetValue  stm32f4xx_hal_adc.o
    0x080037b6   0x080037b6   0x0000012e   Code   RO          915    i.HAL_ADC_IRQHandler  stm32f4xx_hal_adc.o
    0x080038e4   0x080038e4   0x00000054   Code   RO          916    i.HAL_ADC_Init      stm32f4xx_hal_adc.o
    0x08003938   0x08003938   0x00000002   Code   RO          917    i.HAL_ADC_LevelOutOfWindowCallback  stm32f4xx_hal_adc.o
    0x0800393a   0x0800393a   0x00000002   PAD
    0x0800393c   0x0800393c   0x00000070   Code   RO          438    i.HAL_ADC_MspInit   adc.o
    0x080039ac   0x080039ac   0x000000aa   Code   RO          920    i.HAL_ADC_PollForConversion  stm32f4xx_hal_adc.o
    0x08003a56   0x08003a56   0x00000002   PAD
    0x08003a58   0x08003a58   0x000000fc   Code   RO          922    i.HAL_ADC_Start     stm32f4xx_hal_adc.o
    0x08003b54   0x08003b54   0x00000092   Code   RO         1642    i.HAL_DMA_Abort     stm32f4xx_hal_dma.o
    0x08003be6   0x08003be6   0x00000024   Code   RO         1643    i.HAL_DMA_Abort_IT  stm32f4xx_hal_dma.o
    0x08003c0a   0x08003c0a   0x00000002   PAD
    0x08003c0c   0x08003c0c   0x00000024   Code   RO         2079    i.HAL_Delay         stm32f4xx_hal.o
    0x08003c30   0x08003c30   0x000001f0   Code   RO         1535    i.HAL_GPIO_Init     stm32f4xx_hal_gpio.o
    0x08003e20   0x08003e20   0x0000000a   Code   RO         1537    i.HAL_GPIO_ReadPin  stm32f4xx_hal_gpio.o
    0x08003e2a   0x08003e2a   0x00000010   Code   RO         1538    i.HAL_GPIO_TogglePin  stm32f4xx_hal_gpio.o
    0x08003e3a   0x08003e3a   0x0000000a   Code   RO         1539    i.HAL_GPIO_WritePin  stm32f4xx_hal_gpio.o
    0x08003e44   0x08003e44   0x0000000c   Code   RO         2085    i.HAL_GetTick       stm32f4xx_hal.o
    0x08003e50   0x08003e50   0x00000010   Code   RO         2091    i.HAL_IncTick       stm32f4xx_hal.o
    0x08003e60   0x08003e60   0x00000034   Code   RO         2092    i.HAL_Init          stm32f4xx_hal.o
    0x08003e94   0x08003e94   0x00000098   Code   RO          863    i.HAL_InitTick      stm32f4xx_hal_timebase_tim.o
    0x08003f2c   0x08003f2c   0x00000030   Code   RO          839    i.HAL_MspInit       stm32f4xx_hal_msp.o
    0x08003f5c   0x08003f5c   0x0000001a   Code   RO         1927    i.HAL_NVIC_EnableIRQ  stm32f4xx_hal_cortex.o
    0x08003f76   0x08003f76   0x00000002   PAD
    0x08003f78   0x08003f78   0x00000040   Code   RO         1933    i.HAL_NVIC_SetPriority  stm32f4xx_hal_cortex.o
    0x08003fb8   0x08003fb8   0x00000024   Code   RO         1934    i.HAL_NVIC_SetPriorityGrouping  stm32f4xx_hal_cortex.o
    0x08003fdc   0x08003fdc   0x00000134   Code   RO         1181    i.HAL_RCC_ClockConfig  stm32f4xx_hal_rcc.o
    0x08004110   0x08004110   0x00000040   Code   RO         1185    i.HAL_RCC_GetClockConfig  stm32f4xx_hal_rcc.o
    0x08004150   0x08004150   0x00000020   Code   RO         1188    i.HAL_RCC_GetPCLK1Freq  stm32f4xx_hal_rcc.o
    0x08004170   0x08004170   0x00000020   Code   RO         1189    i.HAL_RCC_GetPCLK2Freq  stm32f4xx_hal_rcc.o
    0x08004190   0x08004190   0x00000064   Code   RO         1190    i.HAL_RCC_GetSysClockFreq  stm32f4xx_hal_rcc.o
    0x080041f4   0x080041f4   0x0000036c   Code   RO         1193    i.HAL_RCC_OscConfig  stm32f4xx_hal_rcc.o
    0x08004560   0x08004560   0x00000002   Code   RO         3036    i.HAL_TIMEx_BreakCallback  stm32f4xx_hal_tim_ex.o
    0x08004562   0x08004562   0x00000002   Code   RO         3037    i.HAL_TIMEx_CommutCallback  stm32f4xx_hal_tim_ex.o
    0x08004564   0x08004564   0x00000054   Code   RO         3039    i.HAL_TIMEx_ConfigBreakDeadTime  stm32f4xx_hal_tim_ex.o
    0x080045b8   0x080045b8   0x00000090   Code   RO         3055    i.HAL_TIMEx_MasterConfigSynchronization  stm32f4xx_hal_tim_ex.o
    0x08004648   0x08004648   0x0000005a   Code   RO         2332    i.HAL_TIM_Base_Init  stm32f4xx_hal_tim.o
    0x080046a2   0x080046a2   0x00000002   PAD
    0x080046a4   0x080046a4   0x0000005c   Code   RO          499    i.HAL_TIM_Base_MspInit  tim.o
    0x08004700   0x08004700   0x00000080   Code   RO         2337    i.HAL_TIM_Base_Start_IT  stm32f4xx_hal_tim.o
    0x08004780   0x08004780   0x000000dc   Code   RO         2341    i.HAL_TIM_ConfigClockSource  stm32f4xx_hal_tim.o
    0x0800485c   0x0800485c   0x000000a4   Code   RO         2353    i.HAL_TIM_Encoder_Init  stm32f4xx_hal_tim.o
    0x08004900   0x08004900   0x00000128   Code   RO          501    i.HAL_TIM_Encoder_MspInit  tim.o
    0x08004a28   0x08004a28   0x0000008e   Code   RO         2356    i.HAL_TIM_Encoder_Start  stm32f4xx_hal_tim.o
    0x08004ab6   0x08004ab6   0x00000002   Code   RO         2366    i.HAL_TIM_IC_CaptureCallback  stm32f4xx_hal_tim.o
    0x08004ab8   0x08004ab8   0x00000130   Code   RO         2380    i.HAL_TIM_IRQHandler  stm32f4xx_hal_tim.o
    0x08004be8   0x08004be8   0x000000dc   Code   RO          502    i.HAL_TIM_MspPostInit  tim.o
    0x08004cc4   0x08004cc4   0x00000002   Code   RO         2383    i.HAL_TIM_OC_DelayElapsedCallback  stm32f4xx_hal_tim.o
    0x08004cc6   0x08004cc6   0x000000cc   Code   RO         2404    i.HAL_TIM_PWM_ConfigChannel  stm32f4xx_hal_tim.o
    0x08004d92   0x08004d92   0x0000005a   Code   RO         2407    i.HAL_TIM_PWM_Init  stm32f4xx_hal_tim.o
    0x08004dec   0x08004dec   0x00000028   Code   RO          504    i.HAL_TIM_PWM_MspInit  tim.o
    0x08004e14   0x08004e14   0x00000002   Code   RO         2410    i.HAL_TIM_PWM_PulseFinishedCallback  stm32f4xx_hal_tim.o
    0x08004e16   0x08004e16   0x00000002   PAD
    0x08004e18   0x08004e18   0x000000c8   Code   RO         2412    i.HAL_TIM_PWM_Start  stm32f4xx_hal_tim.o
    0x08004ee0   0x08004ee0   0x00000014   Code   RO           14    i.HAL_TIM_PeriodElapsedCallback  main.o
    0x08004ef4   0x08004ef4   0x00000002   Code   RO         2423    i.HAL_TIM_TriggerCallback  stm32f4xx_hal_tim.o
    0x08004ef6   0x08004ef6   0x00000002   Code   RO         3315    i.HAL_UARTEx_RxEventCallback  stm32f4xx_hal_uart.o
    0x08004ef8   0x08004ef8   0x00000002   Code   RO         3329    i.HAL_UART_ErrorCallback  stm32f4xx_hal_uart.o
    0x08004efa   0x08004efa   0x00000002   PAD
    0x08004efc   0x08004efc   0x00000280   Code   RO         3332    i.HAL_UART_IRQHandler  stm32f4xx_hal_uart.o
    0x0800517c   0x0800517c   0x00000064   Code   RO         3333    i.HAL_UART_Init     stm32f4xx_hal_uart.o
    0x080051e0   0x080051e0   0x000001fc   Code   RO          613    i.HAL_UART_MspInit  usart.o
    0x080053dc   0x080053dc   0x0000001c   Code   RO         3338    i.HAL_UART_Receive_IT  stm32f4xx_hal_uart.o
    0x080053f8   0x080053f8   0x000003bc   Code   RO         4919    i.HAL_UART_RxCpltCallback  usartx.o
    0x080057b4   0x080057b4   0x000000a0   Code   RO         3341    i.HAL_UART_Transmit  stm32f4xx_hal_uart.o
    0x08005854   0x08005854   0x00000002   Code   RO         3344    i.HAL_UART_TxCpltCallback  stm32f4xx_hal_uart.o
    0x08005856   0x08005856   0x00000002   Code   RO          709    i.HardFault_Handler  stm32f4xx_it.o
    0x08005858   0x08005858   0x0000005c   Code   RO         4281    i.I2C_GPIOInit      i2c.o
    0x080058b4   0x080058b4   0x0000003e   Code   RO         4282    i.I2C_ReadOneByte   i2c.o
    0x080058f2   0x080058f2   0x00000032   Code   RO         4283    i.I2C_WriteOneByte  i2c.o
    0x08005924   0x08005924   0x00000040   Code   RO         4284    i.IIC_Ack           i2c.o
    0x08005964   0x08005964   0x00000040   Code   RO         4285    i.IIC_NAck          i2c.o
    0x080059a4   0x080059a4   0x00000068   Code   RO         4286    i.IIC_Read_Byte     i2c.o
    0x08005a0c   0x08005a0c   0x00000060   Code   RO         4287    i.IIC_Send_Byte     i2c.o
    0x08005a6c   0x08005a6c   0x00000050   Code   RO         4288    i.IIC_Start         i2c.o
    0x08005abc   0x08005abc   0x00000040   Code   RO         4289    i.IIC_Stop          i2c.o
    0x08005afc   0x08005afc   0x00000054   Code   RO         4290    i.IIC_Wait_Ack      i2c.o
    0x08005b50   0x08005b50   0x0000000e   Code   RO         4291    i.IICreadByte       i2c.o
    0x08005b5e   0x08005b5e   0x00000054   Code   RO         4294    i.IICwriteBits      i2c.o
    0x08005bb2   0x08005bb2   0x0000000c   Code   RO         4295    i.IICwriteByte      i2c.o
    0x08005bbe   0x08005bbe   0x00000044   Code   RO         4296    i.IICwriteBytes     i2c.o
    0x08005c02   0x08005c02   0x00000002   PAD
    0x08005c04   0x08005c04   0x0000007c   Code   RO         5042    i.Incremental_PI_A  balance.o
    0x08005c80   0x08005c80   0x0000007c   Code   RO         5043    i.Incremental_PI_B  balance.o
    0x08005cfc   0x08005cfc   0x0000007c   Code   RO         5044    i.Incremental_PI_C  balance.o
    0x08005d78   0x08005d78   0x0000007c   Code   RO         5045    i.Incremental_PI_D  balance.o
    0x08005df4   0x08005df4   0x00000200   Code   RO         5227    i.Init_Communication_Topology  esp8266_driver.o
    0x08005ff4   0x08005ff4   0x000000dc   Code   RO         5228    i.Init_Other_Cars_Info  esp8266_driver.o
    0x080060d0   0x080060d0   0x00000074   Code   RO         3705    i.Led_task          led.o
    0x08006144   0x08006144   0x00000090   Code   RO         5046    i.Limit_Pwm         balance.o
    0x080061d4   0x080061d4   0x00000032   Code   RO         4120    i.MPU6050_Set_LPF   mpu6050.o
    0x08006206   0x08006206   0x00000030   Code   RO         4121    i.MPU6050_Set_Rate  mpu6050.o
    0x08006236   0x08006236   0x00000084   Code   RO         4123    i.MPU6050_initialize  mpu6050.o
    0x080062ba   0x080062ba   0x00000012   Code   RO         4126    i.MPU6050_setFullScaleAccelRange  mpu6050.o
    0x080062cc   0x080062cc   0x00000012   Code   RO         4127    i.MPU6050_setFullScaleGyroRange  mpu6050.o
    0x080062de   0x080062de   0x00000002   PAD
    0x080062e0   0x080062e0   0x00000034   Code   RO         4131    i.MPU6050_task      mpu6050.o
    0x08006314   0x08006314   0x00000054   Code   RO         4133    i.MPU_Get_Accelscope  mpu6050.o
    0x08006368   0x08006368   0x000000b0   Code   RO         4134    i.MPU_Get_Gyroscope  mpu6050.o
    0x08006418   0x08006418   0x00000060   Code   RO          439    i.MX_ADC1_Init      adc.o
    0x08006478   0x08006478   0x000000ec   Code   RO          307    i.MX_GPIO_Init      gpio.o
    0x08006564   0x08006564   0x00000070   Code   RO          505    i.MX_TIM10_Init     tim.o
    0x080065d4   0x080065d4   0x00000070   Code   RO          506    i.MX_TIM11_Init     tim.o
    0x08006644   0x08006644   0x000000f0   Code   RO          507    i.MX_TIM1_Init      tim.o
    0x08006734   0x08006734   0x00000078   Code   RO          508    i.MX_TIM2_Init      tim.o
    0x080067ac   0x080067ac   0x0000007c   Code   RO          509    i.MX_TIM3_Init      tim.o
    0x08006828   0x08006828   0x0000007c   Code   RO          510    i.MX_TIM4_Init      tim.o
    0x080068a4   0x080068a4   0x0000007c   Code   RO          511    i.MX_TIM5_Init      tim.o
    0x08006920   0x08006920   0x000000a4   Code   RO          512    i.MX_TIM9_Init      tim.o
    0x080069c4   0x080069c4   0x0000004c   Code   RO          614    i.MX_UART4_Init     usart.o
    0x08006a10   0x08006a10   0x0000004c   Code   RO          615    i.MX_UART5_Init     usart.o
    0x08006a5c   0x08006a5c   0x00000038   Code   RO          616    i.MX_USART1_UART_Init  usart.o
    0x08006a94   0x08006a94   0x00000044   Code   RO          617    i.MX_USART2_UART_Init  usart.o
    0x08006ad8   0x08006ad8   0x00000044   Code   RO          618    i.MX_USART6_UART_Init  usart.o
    0x08006b1c   0x08006b1c   0x00000002   Code   RO          710    i.MemManage_Handler  stm32f4xx_it.o
    0x08006b1e   0x08006b1e   0x00000002   Code   RO          711    i.NMI_Handler       stm32f4xx_it.o
    0x08006b20   0x08006b20   0x0000002c   Code   RO         3749    i.OLED_Clear        oled.o
    0x08006b4c   0x08006b4c   0x0000003c   Code   RO         3752    i.OLED_DrawPoint    oled.o
    0x08006b88   0x08006b88   0x000000f0   Code   RO         3753    i.OLED_Init         oled.o
    0x08006c78   0x08006c78   0x0000004c   Code   RO         3754    i.OLED_Refresh_Gram  oled.o
    0x08006cc4   0x08006cc4   0x00000090   Code   RO         3757    i.OLED_ShowChar     oled.o
    0x08006d54   0x08006d54   0x00000078   Code   RO         3758    i.OLED_ShowNumber   oled.o
    0x08006dcc   0x08006dcc   0x0000003e   Code   RO         3759    i.OLED_ShowString   oled.o
    0x08006e0a   0x08006e0a   0x00000002   PAD
    0x08006e0c   0x08006e0c   0x0000006c   Code   RO         3760    i.OLED_WR_Byte      oled.o
    0x08006e78   0x08006e78   0x00000144   Code   RO         4920    i.Parse_UWB_Data    usartx.o
    0x08006fbc   0x08006fbc   0x00000178   Code   RO         5229    i.Print_Other_Cars_Info  esp8266_driver.o
    0x08007134   0x08007134   0x00000260   Code   RO         5230    i.Process_Broadcast_Data  esp8266_driver.o
    0x08007394   0x08007394   0x00000128   Code   RO         5231    i.Process_Compact_Broadcast  esp8266_driver.o
    0x080074bc   0x080074bc   0x0000009c   Code   RO         5232    i.Process_Control_Command  esp8266_driver.o
    0x08007558   0x08007558   0x0000029c   Code   RO         5466    i.Process_Formation_Command  formation_control.o
    0x080077f4   0x080077f4   0x00000118   Code   RO         5233    i.Process_Multiple_IPD_Packets  esp8266_driver.o
    0x0800790c   0x0800790c   0x00000124   Code   RO         5234    i.Process_Segmented_Broadcast  esp8266_driver.o
    0x08007a30   0x08007a30   0x00000190   Code   RO         5235    i.Process_Topology_Command  esp8266_driver.o
    0x08007bc0   0x08007bc0   0x00000022   Code   RO         5236    i.Process_Unicast_Data  esp8266_driver.o
    0x08007be2   0x08007be2   0x00000002   PAD
    0x08007be4   0x08007be4   0x000001c8   Code   RO         4135    i.Read_DMP          mpu6050.o
    0x08007dac   0x08007dac   0x00000040   Code   RO         5189    i.Read_Encoder      encoder.o
    0x08007dec   0x08007dec   0x00000098   Code   RO         5002    i.Robot_Init        robot_select_init.o
    0x08007e84   0x08007e84   0x000000f4   Code   RO         5003    i.Robot_Select      robot_select_init.o
    0x08007f78   0x08007f78   0x00000080   Code   RO         5047    i.Set_Pwm           balance.o
    0x08007ff8   0x08007ff8   0x000000ec   Code   RO         5237    i.Should_Process_Car_Info  esp8266_driver.o
    0x080080e4   0x080080e4   0x00000138   Code   RO         5048    i.Smooth_control    balance.o
    0x0800821c   0x0800821c   0x00000014   Code   RO          712    i.SysTick_Handler   stm32f4xx_it.o
    0x08008230   0x08008230   0x0000007c   Code   RO           15    i.SystemClock_Config  main.o
    0x080082ac   0x080082ac   0x00000010   Code   RO         3667    i.SystemInit        system_stm32f4xx.o
    0x080082bc   0x080082bc   0x0000000c   Code   RO          713    i.TIM7_IRQHandler   stm32f4xx_it.o
    0x080082c8   0x080082c8   0x000000d0   Code   RO         2425    i.TIM_Base_SetConfig  stm32f4xx_hal_tim.o
    0x08008398   0x08008398   0x0000001a   Code   RO         2426    i.TIM_CCxChannelCmd  stm32f4xx_hal_tim.o
    0x080083b2   0x080083b2   0x00000014   Code   RO         2436    i.TIM_ETR_SetConfig  stm32f4xx_hal_tim.o
    0x080083c6   0x080083c6   0x00000010   Code   RO         2437    i.TIM_ITRx_SetConfig  stm32f4xx_hal_tim.o
    0x080083d6   0x080083d6   0x00000002   PAD
    0x080083d8   0x080083d8   0x00000060   Code   RO         2438    i.TIM_OC1_SetConfig  stm32f4xx_hal_tim.o
    0x08008438   0x08008438   0x0000006c   Code   RO         2439    i.TIM_OC2_SetConfig  stm32f4xx_hal_tim.o
    0x080084a4   0x080084a4   0x00000068   Code   RO         2440    i.TIM_OC3_SetConfig  stm32f4xx_hal_tim.o
    0x0800850c   0x0800850c   0x00000050   Code   RO         2441    i.TIM_OC4_SetConfig  stm32f4xx_hal_tim.o
    0x0800855c   0x0800855c   0x00000022   Code   RO         2443    i.TIM_TI1_ConfigInputStage  stm32f4xx_hal_tim.o
    0x0800857e   0x0800857e   0x00000024   Code   RO         2445    i.TIM_TI2_ConfigInputStage  stm32f4xx_hal_tim.o
    0x080085a2   0x080085a2   0x00000002   PAD
    0x080085a4   0x080085a4   0x0000000c   Code   RO          714    i.UART4_IRQHandler  stm32f4xx_it.o
    0x080085b0   0x080085b0   0x0000000c   Code   RO          715    i.UART5_IRQHandler  stm32f4xx_it.o
    0x080085bc   0x080085bc   0x0000000e   Code   RO         3346    i.UART_DMAAbortOnError  stm32f4xx_hal_uart.o
    0x080085ca   0x080085ca   0x0000004e   Code   RO         3356    i.UART_EndRxTransfer  stm32f4xx_hal_uart.o
    0x08008618   0x08008618   0x000000c2   Code   RO         3358    i.UART_Receive_IT   stm32f4xx_hal_uart.o
    0x080086da   0x080086da   0x00000002   PAD
    0x080086dc   0x080086dc   0x0000010c   Code   RO         3359    i.UART_SetConfig    stm32f4xx_hal_uart.o
    0x080087e8   0x080087e8   0x00000036   Code   RO         3361    i.UART_Start_Receive_IT  stm32f4xx_hal_uart.o
    0x0800881e   0x0800881e   0x00000072   Code   RO         3362    i.UART_WaitOnFlagUntilTimeout  stm32f4xx_hal_uart.o
    0x08008890   0x08008890   0x0000000c   Code   RO          716    i.USART1_IRQHandler  stm32f4xx_it.o
    0x0800889c   0x0800889c   0x0000000c   Code   RO          717    i.USART2_IRQHandler  stm32f4xx_it.o
    0x080088a8   0x080088a8   0x0000000c   Code   RO          718    i.USART6_IRQHandler  stm32f4xx_it.o
    0x080088b4   0x080088b4   0x000000e8   Code   RO         5238    i.Update_Other_Car_Info  esp8266_driver.o
    0x0800899c   0x0800899c   0x00000002   Code   RO          719    i.UsageFault_Handler  stm32f4xx_it.o
    0x0800899e   0x0800899e   0x00000002   PAD
    0x080089a0   0x080089a0   0x000000a8   Code   RO         5401    i.WiFi_State_Connecting  wifi_task.o
    0x08008a48   0x08008a48   0x00000090   Code   RO         5402    i.WiFi_State_Error  wifi_task.o
    0x08008ad8   0x08008ad8   0x000000f8   Code   RO         5403    i.WiFi_State_Hard_Reset  wifi_task.o
    0x08008bd0   0x08008bd0   0x000000d4   Code   RO         5404    i.WiFi_State_Init   wifi_task.o
    0x08008ca4   0x08008ca4   0x0000018c   Code   RO         5405    i.WiFi_State_Ready  wifi_task.o
    0x08008e30   0x08008e30   0x000000d4   Code   RO         5406    i.WiFi_State_UDP_Reconnecting  wifi_task.o
    0x08008f04   0x08008f04   0x00000064   Code   RO         5407    i.WiFi_Task         wifi_task.o
    0x08008f68   0x08008f68   0x0000009c   Code   RO         5050    i.Yaw_PID_Control   balance.o
    0x08009004   0x08009004   0x00000020   Code   RO         6853    i.__0printf         mc_w.l(printfa.o)
    0x08009024   0x08009024   0x00000030   Code   RO         6854    i.__0snprintf       mc_w.l(printfa.o)
    0x08009054   0x08009054   0x00000028   Code   RO         6855    i.__0sprintf        mc_w.l(printfa.o)
    0x0800907c   0x0800907c   0x00000030   Code   RO         6939    i.__ARM_fpclassify  m_wm.l(fpclassify.o)
    0x080090ac   0x080090ac   0x00000026   Code   RO         6941    i.__ARM_fpclassifyf  m_wm.l(fpclassifyf.o)
    0x080090d2   0x080090d2   0x00000020   Code   RO         1940    i.__NVIC_SetPriority  stm32f4xx_hal_cortex.o
    0x080090f2   0x080090f2   0x00000002   PAD
    0x080090f4   0x080090f4   0x00000008   Code   RO         6997    i.__aeabi_errno_addr  mc_w.l(errno.o)
    0x080090fc   0x080090fc   0x00000004   PAD
    0x08009100   0x08009100   0x00000360   Code   RO         6493    i.__hardfp_asin     m_wm.l(asin.o)
    0x08009460   0x08009460   0x000002d8   Code   RO         6905    i.__hardfp_atan     m_wm.l(atan.o)
    0x08009738   0x08009738   0x000001f0   Code   RO         6507    i.__hardfp_atan2    m_wm.l(atan2.o)
    0x08009928   0x08009928   0x00000250   Code   RO         6519    i.__hardfp_atan2f   m_wm.l(atan2f.o)
    0x08009b78   0x08009b78   0x00000038   Code   RO         6531    i.__hardfp_atof     m_wm.l(atof.o)
    0x08009bb0   0x08009bb0   0x00000150   Code   RO         6537    i.__hardfp_cosf     m_wm.l(cosf.o)
    0x08009d00   0x08009d00   0x00000c50   Code   RO         6549    i.__hardfp_pow      m_wm.l(pow.o)
    0x0800a950   0x0800a950   0x00000190   Code   RO         6563    i.__hardfp_sinf     m_wm.l(sinf.o)
    0x0800aae0   0x0800aae0   0x0000003a   Code   RO         6575    i.__hardfp_sqrtf    m_wm.l(sqrtf.o)
    0x0800ab1a   0x0800ab1a   0x000000f8   Code   RO         6957    i.__kernel_poly     m_wm.l(poly.o)
    0x0800ac12   0x0800ac12   0x00000006   PAD
    0x0800ac18   0x0800ac18   0x00000030   Code   RO         6919    i.__mathlib_dbl_divzero  m_wm.l(dunder.o)
    0x0800ac48   0x0800ac48   0x00000014   Code   RO         6920    i.__mathlib_dbl_infnan  m_wm.l(dunder.o)
    0x0800ac5c   0x0800ac5c   0x00000014   Code   RO         6921    i.__mathlib_dbl_infnan2  m_wm.l(dunder.o)
    0x0800ac70   0x0800ac70   0x00000020   Code   RO         6922    i.__mathlib_dbl_invalid  m_wm.l(dunder.o)
    0x0800ac90   0x0800ac90   0x00000020   Code   RO         6923    i.__mathlib_dbl_overflow  m_wm.l(dunder.o)
    0x0800acb0   0x0800acb0   0x00000020   Code   RO         6925    i.__mathlib_dbl_underflow  m_wm.l(dunder.o)
    0x0800acd0   0x0800acd0   0x00000006   Code   RO         6944    i.__mathlib_flt_infnan  m_wm.l(funder.o)
    0x0800acd6   0x0800acd6   0x00000006   Code   RO         6945    i.__mathlib_flt_infnan2  m_wm.l(funder.o)
    0x0800acdc   0x0800acdc   0x00000010   Code   RO         6946    i.__mathlib_flt_invalid  m_wm.l(funder.o)
    0x0800acec   0x0800acec   0x00000010   Code   RO         6949    i.__mathlib_flt_underflow  m_wm.l(funder.o)
    0x0800acfc   0x0800acfc   0x00000154   Code   RO         6960    i.__mathlib_rredf2  m_wm.l(rredf.o)
    0x0800ae50   0x0800ae50   0x0000000c   Code   RO         6998    i.__read_errno      mc_w.l(errno.o)
    0x0800ae5c   0x0800ae5c   0x0000000e   Code   RO         7076    i.__scatterload_copy  mc_w.l(handlers.o)
    0x0800ae6a   0x0800ae6a   0x00000002   Code   RO         7077    i.__scatterload_null  mc_w.l(handlers.o)
    0x0800ae6c   0x0800ae6c   0x0000000e   Code   RO         7078    i.__scatterload_zeroinit  mc_w.l(handlers.o)
    0x0800ae7a   0x0800ae7a   0x00000002   PAD
    0x0800ae7c   0x0800ae7c   0x0000000c   Code   RO         6999    i.__set_errno       mc_w.l(errno.o)
    0x0800ae88   0x0800ae88   0x00000184   Code   RO         6860    i._fp_digits        mc_w.l(printfa.o)
    0x0800b00c   0x0800b00c   0x0000000e   Code   RO         6889    i._is_digit         mc_w.l(scanf_fp.o)
    0x0800b01a   0x0800b01a   0x00000002   PAD
    0x0800b01c   0x0800b01c   0x000006dc   Code   RO         6861    i._printf_core      mc_w.l(printfa.o)
    0x0800b6f8   0x0800b6f8   0x00000024   Code   RO         6862    i._printf_post_padding  mc_w.l(printfa.o)
    0x0800b71c   0x0800b71c   0x0000002e   Code   RO         6863    i._printf_pre_padding  mc_w.l(printfa.o)
    0x0800b74a   0x0800b74a   0x00000016   Code   RO         6864    i._snputc           mc_w.l(printfa.o)
    0x0800b760   0x0800b760   0x0000000a   Code   RO         6865    i._sputc            mc_w.l(printfa.o)
    0x0800b76a   0x0800b76a   0x00000002   PAD
    0x0800b76c   0x0800b76c   0x00000090   Code   RO         4434    i.accel_self_test   inv_mpu.o
    0x0800b7fc   0x0800b7fc   0x00000010   Code   RO         6907    i.atan              m_wm.l(atan.o)
    0x0800b80c   0x0800b80c   0x0000003c   Code   RO         4064    i.click             key.o
    0x0800b848   0x0800b848   0x00000004   Code   RO         5240    i.debug_print       esp8266_driver.o
    0x0800b84c   0x0800b84c   0x00000048   Code   RO         4008    i.delay_init        delay.o
    0x0800b894   0x0800b894   0x00000038   Code   RO         4009    i.delay_ms          delay.o
    0x0800b8cc   0x0800b8cc   0x00000034   Code   RO         4010    i.delay_us          delay.o
    0x0800b900   0x0800b900   0x0000040c   Code   RO         3854    i.display_page1     show.o
    0x0800bd0c   0x0800bd0c   0x00000150   Code   RO         3855    i.display_page2     show.o
    0x0800be5c   0x0800be5c   0x000002d8   Code   RO         3856    i.display_page3     show.o
    0x0800c134   0x0800c134   0x000001f4   Code   RO         3857    i.display_page4     show.o
    0x0800c328   0x0800c328   0x0000003a   Code   RO         4740    i.dmp_enable_6x_lp_quat  inv_mpu_dmp_motion_driver.o
    0x0800c362   0x0800c362   0x00000002   PAD
    0x0800c364   0x0800c364   0x000001d8   Code   RO         4741    i.dmp_enable_feature  inv_mpu_dmp_motion_driver.o
    0x0800c53c   0x0800c53c   0x0000003c   Code   RO         4742    i.dmp_enable_gyro_cal  inv_mpu_dmp_motion_driver.o
    0x0800c578   0x0800c578   0x0000003a   Code   RO         4743    i.dmp_enable_lp_quat  inv_mpu_dmp_motion_driver.o
    0x0800c5b2   0x0800c5b2   0x00000002   PAD
    0x0800c5b4   0x0800c5b4   0x00000014   Code   RO         4748    i.dmp_load_motion_driver_firmware  inv_mpu_dmp_motion_driver.o
    0x0800c5c8   0x0800c5c8   0x00000148   Code   RO         4749    i.dmp_read_fifo     inv_mpu_dmp_motion_driver.o
    0x0800c710   0x0800c710   0x000000d8   Code   RO         4752    i.dmp_set_accel_bias  inv_mpu_dmp_motion_driver.o
    0x0800c7e8   0x0800c7e8   0x00000064   Code   RO         4753    i.dmp_set_fifo_rate  inv_mpu_dmp_motion_driver.o
    0x0800c84c   0x0800c84c   0x000000cc   Code   RO         4754    i.dmp_set_gyro_bias  inv_mpu_dmp_motion_driver.o
    0x0800c918   0x0800c918   0x0000010c   Code   RO         4756    i.dmp_set_orientation  inv_mpu_dmp_motion_driver.o
    0x0800ca24   0x0800ca24   0x00000030   Code   RO         4759    i.dmp_set_shake_reject_thresh  inv_mpu_dmp_motion_driver.o
    0x0800ca54   0x0800ca54   0x00000020   Code   RO         4760    i.dmp_set_shake_reject_time  inv_mpu_dmp_motion_driver.o
    0x0800ca74   0x0800ca74   0x00000020   Code   RO         4761    i.dmp_set_shake_reject_timeout  inv_mpu_dmp_motion_driver.o
    0x0800ca94   0x0800ca94   0x00000040   Code   RO         4762    i.dmp_set_tap_axes  inv_mpu_dmp_motion_driver.o
    0x0800cad4   0x0800cad4   0x00000022   Code   RO         4763    i.dmp_set_tap_count  inv_mpu_dmp_motion_driver.o
    0x0800caf6   0x0800caf6   0x00000002   PAD
    0x0800caf8   0x0800caf8   0x00000160   Code   RO         4764    i.dmp_set_tap_thresh  inv_mpu_dmp_motion_driver.o
    0x0800cc58   0x0800cc58   0x00000020   Code   RO         4765    i.dmp_set_tap_time  inv_mpu_dmp_motion_driver.o
    0x0800cc78   0x0800cc78   0x00000020   Code   RO         4766    i.dmp_set_tap_time_multi  inv_mpu_dmp_motion_driver.o
    0x0800cc98   0x0800cc98   0x00000018   Code   RO         6935    i.fabs              m_wm.l(fabs.o)
    0x0800ccb0   0x0800ccb0   0x00000010   Code   RO         5051    i.float_abs         balance.o
    0x0800ccc0   0x0800ccc0   0x00000018   Code   RO           16    i.fputc             main.o
    0x0800ccd8   0x0800ccd8   0x0000001c   Code   RO         4012    i.getSysTickCnt     delay.o
    0x0800ccf4   0x0800ccf4   0x000000b4   Code   RO         4435    i.get_accel_prod_shift  inv_mpu.o
    0x0800cda8   0x0800cda8   0x00000314   Code   RO         4436    i.get_st_biases     inv_mpu.o
    0x0800d0bc   0x0800d0bc   0x000000d4   Code   RO         4437    i.gyro_self_test    inv_mpu.o
    0x0800d190   0x0800d190   0x00000070   Code   RO         4297    i.i2cRead           i2c.o
    0x0800d200   0x0800d200   0x00000054   Code   RO         4298    i.i2cWrite          i2c.o
    0x0800d254   0x0800d254   0x00000048   Code   RO         4137    i.inv_row_2_scale   mpu6050.o
    0x0800d29c   0x0800d29c   0x00000098   Code   RO           17    i.main              main.o
    0x0800d334   0x0800d334   0x00000054   Code   RO         4438    i.mpu_configure_fifo  inv_mpu.o
    0x0800d388   0x0800d388   0x0000003c   Code   RO         4439    i.mpu_get_accel_fsr  inv_mpu.o
    0x0800d3c4   0x0800d3c4   0x00000044   Code   RO         4441    i.mpu_get_accel_sens  inv_mpu.o
    0x0800d408   0x0800d408   0x00000034   Code   RO         4447    i.mpu_get_gyro_fsr  inv_mpu.o
    0x0800d43c   0x0800d43c   0x0000004c   Code   RO         4449    i.mpu_get_gyro_sens  inv_mpu.o
    0x0800d488   0x0800d488   0x00000038   Code   RO         4451    i.mpu_get_lpf       inv_mpu.o
    0x0800d4c0   0x0800d4c0   0x0000001c   Code   RO         4453    i.mpu_get_sample_rate  inv_mpu.o
    0x0800d4dc   0x0800d4dc   0x00000124   Code   RO         4455    i.mpu_init          inv_mpu.o
    0x0800d600   0x0800d600   0x000000a0   Code   RO         4456    i.mpu_load_firmware  inv_mpu.o
    0x0800d6a0   0x0800d6a0   0x000000b8   Code   RO         4457    i.mpu_lp_accel_mode  inv_mpu.o
    0x0800d758   0x0800d758   0x00000090   Code   RO         4460    i.mpu_read_fifo_stream  inv_mpu.o
    0x0800d7e8   0x0800d7e8   0x00000054   Code   RO         4461    i.mpu_read_mem      inv_mpu.o
    0x0800d83c   0x0800d83c   0x00000150   Code   RO         4464    i.mpu_reset_fifo    inv_mpu.o
    0x0800d98c   0x0800d98c   0x000000f0   Code   RO         4465    i.mpu_run_self_test  inv_mpu.o
    0x0800da7c   0x0800da7c   0x00000068   Code   RO         4467    i.mpu_set_accel_fsr  inv_mpu.o
    0x0800dae4   0x0800dae4   0x000000dc   Code   RO         4468    i.mpu_set_bypass    inv_mpu.o
    0x0800dbc0   0x0800dbc0   0x00000078   Code   RO         4470    i.mpu_set_dmp_state  inv_mpu.o
    0x0800dc38   0x0800dc38   0x0000006c   Code   RO         4471    i.mpu_set_gyro_fsr  inv_mpu.o
    0x0800dca4   0x0800dca4   0x00000064   Code   RO         4472    i.mpu_set_int_latched  inv_mpu.o
    0x0800dd08   0x0800dd08   0x0000006c   Code   RO         4474    i.mpu_set_lpf       inv_mpu.o
    0x0800dd74   0x0800dd74   0x00000080   Code   RO         4475    i.mpu_set_sample_rate  inv_mpu.o
    0x0800ddf4   0x0800ddf4   0x000000b8   Code   RO         4476    i.mpu_set_sensors   inv_mpu.o
    0x0800deac   0x0800deac   0x00000054   Code   RO         4477    i.mpu_write_mem     inv_mpu.o
    0x0800df00   0x0800df00   0x00000008   Code   RO         5052    i.myabs             balance.o
    0x0800df08   0x0800df08   0x00000002   Code   RO         4478    i.myget_ms          inv_mpu.o
    0x0800df0a   0x0800df0a   0x00000010   Code   RO         3761    i.oled_pow          oled.o
    0x0800df1a   0x0800df1a   0x00000002   PAD
    0x0800df1c   0x0800df1c   0x000000a4   Code   RO         3858    i.oled_show         show.o
    0x0800dfc0   0x0800dfc0   0x00000070   Code   RO         5898    i.prvAddCurrentTaskToDelayedList  tasks.o
    0x0800e030   0x0800e030   0x000000d0   Code   RO         5899    i.prvAddNewTaskToReadyList  tasks.o
    0x0800e100   0x0800e100   0x00000050   Code   RO         6247    i.prvCheckForValidListAndQueue  timers.o
    0x0800e150   0x0800e150   0x00000050   Code   RO         5900    i.prvCheckTasksWaitingTermination  tasks.o
    0x0800e1a0   0x0800e1a0   0x00000026   Code   RO         5677    i.prvCopyDataFromQueue  queue.o
    0x0800e1c6   0x0800e1c6   0x0000006c   Code   RO         5678    i.prvCopyDataToQueue  queue.o
    0x0800e232   0x0800e232   0x00000014   Code   RO         5901    i.prvDeleteTCB      tasks.o
    0x0800e246   0x0800e246   0x00000002   PAD
    0x0800e248   0x0800e248   0x0000004c   Code   RO         6367    i.prvHeapInit       heap_4.o
    0x0800e294   0x0800e294   0x00000028   Code   RO         5902    i.prvIdleTask       tasks.o
    0x0800e2bc   0x0800e2bc   0x000000c0   Code   RO         5903    i.prvInitialiseNewTask  tasks.o
    0x0800e37c   0x0800e37c   0x0000004c   Code   RO         6368    i.prvInsertBlockIntoFreeList  heap_4.o
    0x0800e3c8   0x0800e3c8   0x00000038   Code   RO         6248    i.prvInsertTimerInActiveList  timers.o
    0x0800e400   0x0800e400   0x0000001c   Code   RO         5679    i.prvIsQueueEmpty   queue.o
    0x0800e41c   0x0800e41c   0x00000090   Code   RO         5680    i.prvNotifyQueueSetContainer  queue.o
    0x0800e4ac   0x0800e4ac   0x00000060   Code   RO         6249    i.prvProcessExpiredTimer  timers.o
    0x0800e50c   0x0800e50c   0x000000ec   Code   RO         6250    i.prvProcessReceivedCommands  timers.o
    0x0800e5f8   0x0800e5f8   0x0000006c   Code   RO         6251    i.prvProcessTimerOrBlockTask  timers.o
    0x0800e664   0x0800e664   0x00000020   Code   RO         5905    i.prvResetNextTaskUnblockTime  tasks.o
    0x0800e684   0x0800e684   0x00000028   Code   RO         6252    i.prvSampleTimeNow  timers.o
    0x0800e6ac   0x0800e6ac   0x0000006c   Code   RO         6253    i.prvSwitchTimerLists  timers.o
    0x0800e718   0x0800e718   0x00000060   Code   RO         6417    i.prvTaskExitError  port.o
    0x0800e778   0x0800e778   0x00000024   Code   RO         6254    i.prvTimerTask      timers.o
    0x0800e79c   0x0800e79c   0x00000078   Code   RO         5681    i.prvUnlockQueue    queue.o
    0x0800e814   0x0800e814   0x00000110   Code   RO         6369    i.pvPortMalloc      heap_4.o
    0x0800e924   0x0800e924   0x00000018   Code   RO         5907    i.pvTaskIncrementMutexHeldCount  tasks.o
    0x0800e93c   0x0800e93c   0x0000002c   Code   RO         6418    i.pxPortInitialiseStack  port.o
    0x0800e968   0x0800e968   0x00000082   Code   RO         4138    i.run_self_test     mpu6050.o
    0x0800e9ea   0x0800e9ea   0x00000002   PAD
    0x0800e9ec   0x0800e9ec   0x00000058   Code   RO         4479    i.set_int_enable    inv_mpu.o
    0x0800ea44   0x0800ea44   0x000000a8   Code   RO         3859    i.show_task         show.o
    0x0800eaec   0x0800eaec   0x0000006e   Code   RO         6965    i.sqrt              m_wm.l(sqrt.o)
    0x0800eb5a   0x0800eb5a   0x00000002   PAD
    0x0800eb5c   0x0800eb5c   0x000000cc   Code   RO           18    i.start_task        main.o
    0x0800ec28   0x0800ec28   0x00000020   Code   RO         5053    i.target_limit_float  balance.o
    0x0800ec48   0x0800ec48   0x00000010   Code   RO         4921    i.usart1_send       usartx.o
    0x0800ec58   0x0800ec58   0x00000016   Code   RO         4922    i.usart1_send_cstring  usartx.o
    0x0800ec6e   0x0800ec6e   0x00000024   Code   RO         5640    i.uxListRemove      list.o
    0x0800ec92   0x0800ec92   0x00000016   Code   RO         5641    i.vListInitialise   list.o
    0x0800eca8   0x0800eca8   0x00000006   Code   RO         5642    i.vListInitialiseItem  list.o
    0x0800ecae   0x0800ecae   0x00000030   Code   RO         5643    i.vListInsert       list.o
    0x0800ecde   0x0800ecde   0x00000018   Code   RO         5644    i.vListInsertEnd    list.o
    0x0800ecf6   0x0800ecf6   0x00000002   PAD
    0x0800ecf8   0x0800ecf8   0x00000074   Code   RO         6420    i.vPortEnterCritical  port.o
    0x0800ed6c   0x0800ed6c   0x00000060   Code   RO         6421    i.vPortExitCritical  port.o
    0x0800edcc   0x0800edcc   0x00000098   Code   RO         6370    i.vPortFree         heap_4.o
    0x0800ee64   0x0800ee64   0x00000020   Code   RO         6422    i.vPortSetupTimerInterrupt  port.o
    0x0800ee84   0x0800ee84   0x00000088   Code   RO         6423    i.vPortValidateInterruptPriority  port.o
    0x0800ef0c   0x0800ef0c   0x00000028   Code   RO         5687    i.vQueueAddToRegistry  queue.o
    0x0800ef34   0x0800ef34   0x00000044   Code   RO         5691    i.vQueueWaitForMessageRestricted  queue.o
    0x0800ef78   0x0800ef78   0x0000006c   Code   RO         5915    i.vTaskDelay        tasks.o
    0x0800efe4   0x0800efe4   0x000000a4   Code   RO         5916    i.vTaskDelayUntil   tasks.o
    0x0800f088   0x0800f088   0x000000cc   Code   RO         5917    i.vTaskDelete       tasks.o
    0x0800f154   0x0800f154   0x0000000c   Code   RO         5921    i.vTaskMissedYield  tasks.o
    0x0800f160   0x0800f160   0x00000054   Code   RO         5923    i.vTaskPlaceOnEventList  tasks.o
    0x0800f1b4   0x0800f1b4   0x0000005c   Code   RO         5924    i.vTaskPlaceOnEventListRestricted  tasks.o
    0x0800f210   0x0800f210   0x00000084   Code   RO         5926    i.vTaskPriorityInherit  tasks.o
    0x0800f294   0x0800f294   0x00000048   Code   RO         5930    i.vTaskSetTimeOutState  tasks.o
    0x0800f2dc   0x0800f2dc   0x00000094   Code   RO         5931    i.vTaskStartScheduler  tasks.o
    0x0800f370   0x0800f370   0x00000010   Code   RO         5933    i.vTaskSuspendAll   tasks.o
    0x0800f380   0x0800f380   0x0000007c   Code   RO         5934    i.vTaskSwitchContext  tasks.o
    0x0800f3fc   0x0800f3fc   0x0000010c   Code   RO         6424    i.xPortStartScheduler  port.o
    0x0800f508   0x0800f508   0x0000002c   Code   RO         6425    i.xPortSysTickHandler  port.o
    0x0800f534   0x0800f534   0x00000078   Code   RO         5696    i.xQueueGenericCreate  queue.o
    0x0800f5ac   0x0800f5ac   0x00000184   Code   RO         5697    i.xQueueGenericReceive  queue.o
    0x0800f730   0x0800f730   0x000000a8   Code   RO         5698    i.xQueueGenericReset  queue.o
    0x0800f7d8   0x0800f7d8   0x00000180   Code   RO         5699    i.xQueueGenericSend  queue.o
    0x0800f958   0x0800f958   0x000000e4   Code   RO         5700    i.xQueueGenericSendFromISR  queue.o
    0x0800fa3c   0x0800fa3c   0x00000088   Code   RO         5935    i.xTaskCheckForTimeOut  tasks.o
    0x0800fac4   0x0800fac4   0x00000056   Code   RO         5936    i.xTaskCreate       tasks.o
    0x0800fb1a   0x0800fb1a   0x00000002   PAD
    0x0800fb1c   0x0800fb1c   0x0000001c   Code   RO         5940    i.xTaskGetSchedulerState  tasks.o
    0x0800fb38   0x0800fb38   0x0000000c   Code   RO         5941    i.xTaskGetTickCount  tasks.o
    0x0800fb44   0x0800fb44   0x000000e8   Code   RO         5943    i.xTaskIncrementTick  tasks.o
    0x0800fc2c   0x0800fc2c   0x000000b4   Code   RO         5946    i.xTaskPriorityDisinherit  tasks.o
    0x0800fce0   0x0800fce0   0x00000098   Code   RO         5947    i.xTaskRemoveFromEventList  tasks.o
    0x0800fd78   0x0800fd78   0x000000e8   Code   RO         5949    i.xTaskResumeAll    tasks.o
    0x0800fe60   0x0800fe60   0x00000070   Code   RO         6257    i.xTimerCreate      timers.o
    0x0800fed0   0x0800fed0   0x00000070   Code   RO         6258    i.xTimerCreateTimerTask  timers.o
    0x0800ff40   0x0800ff40   0x0000008c   Code   RO         6259    i.xTimerGenericCommand  timers.o
    0x0800ffcc   0x0800ffcc   0x00000010   Data   RO         3668    .constdata          system_stm32f4xx.o
    0x0800ffdc   0x0800ffdc   0x00000008   Data   RO         3669    .constdata          system_stm32f4xx.o
    0x0800ffe4   0x0800ffe4   0x000014a4   Data   RO         3763    .constdata          oled.o
    0x08011488   0x08011488   0x0000000c   Data   RO         4480    .constdata          inv_mpu.o
    0x08011494   0x08011494   0x0000001b   Data   RO         4481    .constdata          inv_mpu.o
    0x080114af   0x080114af   0x00000001   PAD
    0x080114b0   0x080114b0   0x00000028   Data   RO         4482    .constdata          inv_mpu.o
    0x080114d8   0x080114d8   0x00000bf6   Data   RO         4768    .constdata          inv_mpu_dmp_motion_driver.o
    0x080120ce   0x080120ce   0x00000002   PAD
    0x080120d0   0x080120d0   0x00000030   Data   RO         5242    .constdata          esp8266_driver.o
    0x08012100   0x08012100   0x00000050   Data   RO         6496    .constdata          m_wm.l(asin.o)
    0x08012150   0x08012150   0x00000088   Data   RO         6552    .constdata          m_wm.l(pow.o)
    0x080121d8   0x080121d8   0x00000098   Data   RO         6908    .constdata          m_wm.l(atan.o)
    0x08012270   0x08012270   0x00000008   Data   RO         6959    .constdata          m_wm.l(qnan.o)
    0x08012278   0x08012278   0x00000020   Data   RO         6961    .constdata          m_wm.l(rredf.o)
    0x08012298   0x08012298   0x00000081   Data   RO         7036    .constdata          mc_w.l(ctype_o.o)
    0x08012319   0x08012319   0x00000003   PAD
    0x0801231c   0x0801231c   0x00000004   Data   RO         7037    .constdata          mc_w.l(ctype_o.o)
    0x08012320   0x08012320   0x00000044   Data   RO         5056    .conststring        balance.o
    0x08012364   0x08012364   0x0000006e   Data   RO         5243    .conststring        esp8266_driver.o
    0x080123d2   0x080123d2   0x00000002   PAD
    0x080123d4   0x080123d4   0x00000020   Data   RO         7074    Region$$Table       anon$$obj.o


    Execution Region RW_IRAM1 (Exec base: 0x20000000, Load base: 0x080123f4, Size: 0x000069a8, Max: 0x0001c000, ABSOLUTE, COMPRESSED[0x0000007c])

    Exec Addr    Load Addr    Size         Type   Attr      Idx    E Section Name        Object

    0x20000000   COMPRESSED   0x00000004   Data   RW           21    .data               main.o
    0x20000004   COMPRESSED   0x00000004   Data   RW           22    .data               main.o
    0x20000008   COMPRESSED   0x00000004   Data   RW          442    .data               adc.o
    0x2000000c   COMPRESSED   0x00000004   Data   RW          444    .data               adc.o
    0x20000010   COMPRESSED   0x00000004   Data   RW          622    .data               usart.o
    0x20000014   COMPRESSED   0x0000000c   Data   RW         2099    .data               stm32f4xx_hal.o
    0x20000020   COMPRESSED   0x00000004   Data   RW         3670    .data               system_stm32f4xx.o
    0x20000024   COMPRESSED   0x00000008   Data   RW         3706    .data               led.o
    0x2000002c   COMPRESSED   0x0000000c   Data   RW         3860    .data               show.o
    0x20000038   COMPRESSED   0x00000001   Data   RW         3941    .data               system.o
    0x20000039   COMPRESSED   0x00000001   Data   RW         3942    .data               system.o
    0x2000003a   COMPRESSED   0x00000002   PAD
    0x2000003c   COMPRESSED   0x00000004   Data   RW         3943    .data               system.o
    0x20000040   COMPRESSED   0x00000004   Data   RW         3956    .data               system.o
    0x20000044   COMPRESSED   0x00000004   Data   RW         3957    .data               system.o
    0x20000048   COMPRESSED   0x00000001   Data   RW         3959    .data               system.o
    0x20000049   COMPRESSED   0x00000001   Data   RW         3965    .data               system.o
    0x2000004a   COMPRESSED   0x00000002   PAD
    0x2000004c   COMPRESSED   0x00000004   Data   RW         3973    .data               system.o
    0x20000050   COMPRESSED   0x00000004   Data   RW         3974    .data               system.o
    0x20000054   COMPRESSED   0x00000004   Data   RW         3975    .data               system.o
    0x20000058   COMPRESSED   0x00000004   Data   RW         3976    .data               system.o
    0x2000005c   COMPRESSED   0x00000004   Data   RW         3977    .data               system.o
    0x20000060   COMPRESSED   0x00000004   Data   RW         3978    .data               system.o
    0x20000064   COMPRESSED   0x00000004   Data   RW         3979    .data               system.o
    0x20000068   COMPRESSED   0x00000004   Data   RW         3980    .data               system.o
    0x2000006c   COMPRESSED   0x00000001   Data   RW         3981    .data               system.o
    0x2000006d   COMPRESSED   0x00000001   Data   RW         3982    .data               system.o
    0x2000006e   COMPRESSED   0x00000001   Data   RW         3983    .data               system.o
    0x2000006f   COMPRESSED   0x00000001   Data   RW         3984    .data               system.o
    0x20000070   COMPRESSED   0x0000000c   Data   RW         4013    .data               delay.o
    0x2000007c   COMPRESSED   0x00000012   Data   RW         4067    .data               key.o
    0x2000008e   COMPRESSED   0x00000002   PAD
    0x20000090   COMPRESSED   0x00000043   Data   RW         4143    .data               mpu6050.o
    0x200000d3   COMPRESSED   0x00000001   PAD
    0x200000d4   COMPRESSED   0x0000002c   Data   RW         4483    .data               inv_mpu.o
    0x20000100   COMPRESSED   0x00000014   Data   RW         4930    .data               usartx.o
    0x20000114   COMPRESSED   0x00000002   Data   RW         4932    .data               usartx.o
    0x20000116   COMPRESSED   0x00000002   PAD
    0x20000118   COMPRESSED   0x00000080   Data   RW         5057    .data               balance.o
    0x20000198   COMPRESSED   0x00000044   Data   RW         5244    .data               esp8266_driver.o
    0x200001dc   COMPRESSED   0x0000002c   Data   RW         5408    .data               wifi_task.o
    0x20000208   COMPRESSED   0x00000034   Data   RW         5469    .data               formation_control.o
    0x2000023c   COMPRESSED   0x0000003c   Data   RW         5952    .data               tasks.o
    0x20000278   COMPRESSED   0x00000014   Data   RW         6267    .data               timers.o
    0x2000028c   COMPRESSED   0x00000018   Data   RW         6375    .data               heap_4.o
    0x200002a4   COMPRESSED   0x0000000c   Data   RW         6426    .data               port.o
    0x200002b0   COMPRESSED   0x00000004   Data   RW         7000    .data               mc_w.l(errno.o)
    0x200002b4        -       0x0000000c   Zero   RW           19    .bss                main.o
    0x200002c0        -       0x0000000c   Zero   RW           20    .bss                main.o
    0x200002cc        -       0x00000048   Zero   RW          440    .bss                adc.o
    0x20000314        -       0x00000240   Zero   RW          513    .bss                tim.o
    0x20000554        -       0x00000168   Zero   RW          620    .bss                usart.o
    0x200006bc        -       0x00000048   Zero   RW          866    .bss                stm32f4xx_hal_timebase_tim.o
    0x20000704        -       0x00000400   Zero   RW         3762    .bss                oled.o
    0x20000b04        -       0x0000000c   Zero   RW         3936    .bss                system.o
    0x20000b10        -       0x00000014   Zero   RW         3937    .bss                system.o
    0x20000b24        -       0x00000014   Zero   RW         3938    .bss                system.o
    0x20000b38        -       0x00000014   Zero   RW         3939    .bss                system.o
    0x20000b4c        -       0x00000014   Zero   RW         3940    .bss                system.o
    0x20000b60        -       0x00000010   Zero   RW         4767    .bss                inv_mpu_dmp_motion_driver.o
    0x20000b70        -       0x0000037c   Zero   RW         4925    .bss                usartx.o
    0x20000eec        -       0x00000100   Zero   RW         4929    .bss                usartx.o
    0x20000fec        -       0x00000018   Zero   RW         5004    .bss                robot_select_init.o
    0x20001004        -       0x00000010   Zero   RW         5055    .bss                balance.o
    0x20001014        -       0x00000238   Zero   RW         5241    .bss                esp8266_driver.o
    0x2000124c        -       0x0000000a   Zero   RW         5468    .bss                formation_control.o
    0x20001256   COMPRESSED   0x00000002   PAD
    0x20001258        -       0x00000040   Zero   RW         5711    .bss                queue.o
    0x20001298        -       0x000002e4   Zero   RW         5951    .bss                tasks.o
    0x2000157c        -       0x00000028   Zero   RW         6266    .bss                timers.o
    0x200015a4        -       0x00005000   Zero   RW         6374    .bss                heap_4.o
    0x200065a4   COMPRESSED   0x00000004   PAD
    0x200065a8        -       0x00000400   Zero   RW            1    STACK               startup_stm32f407xx.o


    Execution Region RW_IRAM2 (Exec base: 0x2001c000, Load base: 0x08012470, Size: 0x00000000, Max: 0x00004000, ABSOLUTE)

    **** No section assigned to this execution region ****


==============================================================================

Image component sizes


      Code (inc. data)   RO Data    RW Data    ZI Data      Debug   Object Name

       392         68          0          8         72       3163   adc.o
      3776        672         68        128         16      14727   balance.o
       208         24          0         12          0       2655   delay.o
        64         12          0          0          0        707   encoder.o
      6890       2922        158         68        568      27722   esp8266_driver.o
         0          0          0          0          0      11812   event_groups.o
      2010        420          0         52         10       7366   formation_control.o
       236         18          0          0          0     709225   gpio.o
       576        130          0         24      20480       4087   heap_4.o
      1134         70          0          0          0      11402   i2c.o
      4434        210         79         44          0      28610   inv_mpu.o
      2410        134       3062          0         16      21074   inv_mpu_dmp_motion_driver.o
        60         10          0         18          0       2850   key.o
       116         20          0          8          0       1339   led.o
       136          0          0          0          0       3230   list.o
       528        140          0          8         24     704246   main.o
      1392         54          0         67          0      40800   mpu6050.o
       870         36       5284          0       1024       7459   oled.o
      1014        364          0         12          0      11001   port.o
      1834        238          0          0         64      15973   queue.o
       396        120          0          0         24       1889   robot_select_init.o
      3260        514          0         12          0       8972   show.o
        36          8        392          0       1024        860   startup_stm32f407xx.o
       116         18          0         12          0       8878   stm32f4xx_hal.o
      1452         52          0          0          0       8748   stm32f4xx_hal_adc.o
         2          0          0          0          0       1029   stm32f4xx_hal_adc_ex.o
       158         14          0          0          0      33138   stm32f4xx_hal_cortex.o
       182          0          0          0          0       2171   stm32f4xx_hal_dma.o
       532         46          0          0          0       3616   stm32f4xx_hal_gpio.o
        48          6          0          0          0        906   stm32f4xx_hal_msp.o
      1412         86          0          0          0       6077   stm32f4xx_hal_rcc.o
      2278        136          0          0          0      19043   stm32f4xx_hal_tim.o
       232         28          0          0          0       3421   stm32f4xx_hal_tim_ex.o
       152         20          0          0         72       1547   stm32f4xx_hal_timebase_tim.o
      1656         14          0          0          0      11760   stm32f4xx_hal_uart.o
       116         42          0          0          0      16940   stm32f4xx_it.o
         0          0          0         52         92       3734   system.o
        16          4         24          4          0       1199   system_stm32f4xx.o
      2922        716          0         60        740      30833   tasks.o
      1768        154          0          0        576       9239   tim.o
      1124        242          0         20         40      10054   timers.o
       852        104          0          4        360       7186   usart.o
      1318        196          0         22       1148       6518   usartx.o
      1480        756          0         44          0       5994   wifi_task.o

    ----------------------------------------------------------------------
     49646       8818       9104        688      26356    1833200   Object Totals
         0          0         32          0          0          0   (incl. Generated)
        58          0          5          9          6          0   (incl. Padding)

    ----------------------------------------------------------------------

      Code (inc. data)   RO Data    RW Data    ZI Data      Debug   Library Member Name

       864         94         80          0          0        280   asin.o
       744        106        152          0          0        352   atan.o
       496         64          0          0          0        192   atan2.o
       592         90          0          0          0        184   atan2f.o
        56         12          0          0          0        132   atof.o
       336         56          0          0          0        136   cosf.o
       184         44          0          0          0        744   dunder.o
        24          0          0          0          0        124   fabs.o
        48          0          0          0          0        124   fpclassify.o
        38          0          0          0          0        116   fpclassifyf.o
        44         12          0          0          0        464   funder.o
       248          0          0          0          0        152   poly.o
      3152        296        136          0          0        352   pow.o
         0          0          8          0          0          0   qnan.o
       340         24         32          0          0        160   rredf.o
       400         56          0          0          0        212   sinf.o
       110          0          0          0          0        148   sqrt.o
        58          0          0          0          0        136   sqrtf.o
        56          8          0          0          0         84   __0sscanf.o
        86          0          0          0          0          0   __dczerorl2.o
        28          0          0          0          0         68   _chval.o
       812          4          0          0          0        112   _scanf.o
       332          0          0          0          0         96   _scanf_int.o
       224          0          0          0          0         96   _scanf_str.o
        64          0          0          0          0         84   _sgetc.o
       158          0          0          0          0         92   _strtoul.o
        26          0          0          0          0         80   atoi.o
         8          4        133          0          0         68   ctype_o.o
         0          0          0          0          0          0   entry.o
         0          0          0          0          0          0   entry10a.o
         0          0          0          0          0          0   entry11a.o
         8          4          0          0          0          0   entry2.o
         4          0          0          0          0          0   entry5.o
         0          0          0          0          0          0   entry7b.o
         0          0          0          0          0          0   entry8b.o
         8          4          0          0          0          0   entry9a.o
        32         16          0          4          0        204   errno.o
        30          0          0          0          0          0   handlers.o
        36          8          0          0          0         68   init.o
        18          0          0          0          0         76   isspace_o.o
         0          0          0          0          0          0   iusefp.o
        98          0          0          0          0         84   ldiv.o
        30          0          0          0          0         68   llshl.o
        36          0          0          0          0         68   llsshr.o
        32          0          0          0          0         68   llushr.o
        26          0          0          0          0         80   memcmp.o
        64          0          0          0          0         76   memmovea.o
        36          0          0          0          0        108   memseta.o
      2378        100          0          0          0        756   printfa.o
        40          8          0          0          0         84   scanf_char.o
       878         12          0          0          0        216   scanf_fp.o
        20          0          0          0          0         68   strchr.o
        28          0          0          0          0         76   strcmp.o
        18          0          0          0          0         68   strcpy.o
        14          0          0          0          0         68   strlen.o
        30          0          0          0          0         80   strncmp.o
        24          0          0          0          0         76   strncpy.o
        36          0          0          0          0         80   strstr.o
       156         12          0          0          0        120   strtod.o
       112          0          0          0          0         88   strtol.o
        44          0          0          0          0         80   uidiv.o
        98          0          0          0          0         92   uldiv.o
        48          0          0          0          0         68   cdrcmple.o
        56          0          0          0          0         88   d2f.o
       334          0          0          0          0        148   dadd.o
       222          0          0          0          0        100   ddiv.o
       186          0          0          0          0        176   depilogue.o
        48          0          0          0          0         68   dfixul.o
        34          0          0          0          0         76   dflti.o
        26          0          0          0          0         76   dfltui.o
        24          0          0          0          0         76   dfltul.o
       228          0          0          0          0         96   dmul.o
        46          0          0          0          0         80   dscalb.o
       162          0          0          0          0        100   dsqrt.o
        38          0          0          0          0         68   f2d.o
       110          0          0          0          0        168   fepilogue.o

    ----------------------------------------------------------------------
     15446       1038        544          4          0       9028   Library Totals
        22          4          3          0          0          0   (incl. Padding)

    ----------------------------------------------------------------------

      Code (inc. data)   RO Data    RW Data    ZI Data      Debug   Library Name

      7734        854        408          0          0       4008   m_wm.l
      6128        180        133          4          0       3632   mc_w.l
      1562          0          0          0          0       1388   mf_w.l

    ----------------------------------------------------------------------
     15446       1038        544          4          0       9028   Library Totals

    ----------------------------------------------------------------------

==============================================================================


      Code (inc. data)   RO Data    RW Data    ZI Data      Debug   

     65092       9856       9648        692      26356    1804804   Grand Totals
     65092       9856       9648        124      26356    1804804   ELF Image Totals (compressed)
     65092       9856       9648        124          0          0   ROM Totals

==============================================================================

    Total RO  Size (Code + RO Data)                74740 (  72.99kB)
    Total RW  Size (RW Data + ZI Data)             27048 (  26.41kB)
    Total ROM Size (Code + RO Data + RW Data)      74864 (  73.11kB)

==============================================================================

